[    0.00000 Lnux version 4.15.0-65-generic (buildd@lgw01-amd64-006) (gcc version 7.4.0 (Ubuntu 7.4.0-1ubuntu1~18.04.1)) #74-Ubuntu SMP Tue Sep 17 17:06:04 UTC 2019 (Ubuntu 4.15.0-65.74-generic 4.15.18)
[    0.000000] Command line: BOOT_IMAGEboot/vlinuz4.15.0-65-generic root=LABEL=cloudimg-rootfs ro console=tty1 console=ttyS0
[    0.000000] KERNEL supported cpus:
[    0.000000]   Intel GenuineIntel
[    0.000000]   AMD AuthenticAMD
[    0.000000]   Centaur CentaurHauls
[    0.000000] x86/fu: Supporting XSAVE feature 0x001: 'x87 floating point registers'
[    0.000000] x86/fpu: Supporting XSAVE feature 0x002: 'SSE registers'
[   0000000x8/fpu: Suppotig SAVE featurex04: 'AVX registers'
[    0.000000] x8fp: xstate_fset[]:  576, xstate_sizes[2]:  256
[    0.000000] x86/fpu: Enabled xstate features 0x7, context size is 832 bytes, using 'standard' format.
[    0.000000] e820: BIO-povided yscal RA mp:
[   0.0000] BIOS-e20 [em 0x000000000000000-0x0000000009fbff] usable
[    0.000000] BIOS-e820: [mem 0x000000000009fc00-0x000000000009ffff] reserved
[    0.000000] BIOS-e820: [mem 0x00000000000f0000-0x00000000000fffff] reserved
[    0.000000] BIOS-e820: [mem 0x00000000000100000x00000003ffefff] sale
[    .0000] BIOS-e20 [em 0x0000003fff000-x00000003fffffff] ACPIata
[    0.000000] BIOS-e820: [mem 0x00000000fec00000-0x0000000fec00fff] reserved
[    0.000000] BIOS-e820: [mem 0x00000000fee0000-0x00000fee00fff] reserved
[    0.000000] BIOS-e820: [mem 0x00000000fffc0000-0x00000000ffffffff] reserved
[    0.000000] NX (Execute Disable) protection: active
[    0.000000] SMBIOS 2.5 present.
[    0.000000] DMI: innotek GmbH VirtualBox/VirtualBox, BIOS VirtualBox 12/01/26
[  0.00000] Hypervisor detected: KVM
[    0.000000] e820: last_pfn = 0x3fff0 max_arch_pfn = 0x400000000
[    0.000000] MTRR: Disabled
[    0.000000] x86/PAT: MTRRs disabled, skipping PAT initialization too.
[    0.000000] CPU MTRRs all blank - virtualizd system.
[   0.0000] 86/PAT: Cnfguration [7] WB W  C- UC  WB  WT  UC- UC  [    0.000000found SMP MP-table at [mem 0x0009fff0-0x0009ffff]
[   .00000] Scanning 1 areas for low memory corruption
[    0.000000] RAMDISK: [mem 0x35977000-0x36cb2fff]
[    0.000000] ACPI: Early table checksum verification disabled
[    0.000000] ACPI: RSDP 00000000E0000 00004 v02 VBOX  )
[    00000] ACPI: XT 0x000000FFF00 0003C (v01 VBOX   VBOXXSDT 00000001 ASL  00000061)
[    0.000000] ACPI: FACP 0x000000003FFF00F0 0000F4 (v04 VBOX   VBOXFACP 00000001 ASL  00000061)
[    0.000000] ACPI: DSDT 0x000000003FFF0470 0021FF (v02 VBOX   VBOXBIOS 00000002 INTL 20100528)
[    0.000000] ACPI: FACS 0x000000003FFF0200 000040
[    0.000000] ACPI: FACS 0x0000003FFF0200 000040
[   0.00000 ACPI: APIC 0x0000003FFF0240 00005C (v02 VBOX   VBOXAPIC 0000000ASL  000061
[    0.000000ACI: SSDT 0x000000003FFF02A0 0001CC (v01 VBOX   VBOXCPUT 00000002 INTL 20100528)
[    0.000000] No NUMA configuration found
[    0.000000] Faking a node at [mem 0x0000000000000000-0x000000003ffeffff]
[    0.00000] NODE_DATA(0) allocated [em0x3fc5000-3feffff]
[    0.000000] kvm-clock: cpu 0, msr 0ff40001prmary cpu clock
[    0.000000] kvm-clock: Using msrs 4b564d01 and 4b564d00
[    0.000000] kvm-clock: using sched offset of 43513216 ccles
   0000000] clocksource: kvm-clock: mask: 0xffffffffffffffff max_cycles: 0x1cd42e4dffb, max_idle_ns: 881590591483 ns
[    00000] Ze anges:
[   .000000] DA      [mem 000000000001000x000000000fffff]
[    0.000000]   DMA32    [mem 0x0000000001000000-0x000000003ffeffff]
[    0.000000]   Normal   empty
[    0.000000]   Device  empty
[    0.000000] Movable zone start for each node
[    0.000000] Early memory node ranges
[    0.000000]   node   0: [mem 0x0000000000001000-0x000000000009efff]
[    0.000000]   node   0: [me 0x0000000000100000-0x000000003ffeffff]
[    0.000000] Reserved but unavailable: 98 pages
[    0.000000] Initmem setup node 0 [mem 0x0000000000001000-0x000000003ffeffff]
[   .000000] ACPI P-Tmer IO Port: 0x4008[   .00000] OAPIC[0]: apic_id 2, version 32, address 0xfec00000, GSI 0-23
[    0.000000] API INT_S_OR (bus 0 bus_irq 0 global_irq 2 dfl dfl)
[    0.00000] CPI: IT_RCOVR (bus 0usirq 9 globalrq9 low level)
[    0.000000] Usin ACPI (MADT) for SMP configuration information
[    0.000000]smpboot: Allowing 2 CPUs, 0 hotplug CPUs
[    0.000000] PM: Registered nosave memory: [mem 0x00000000-0x00000fff]
[    0.000000] PM: Registered nosave memory: [m 0x000900-00009ffff]
[  0.00000 P: Registerenoave meory: [em0x000a0000-0x000effff]
[    0.000000] PM: Registered nosave memory: [mem 0x000f0000-0x000fffff]
[    0.000000] e820: [mem 0x40000000-0xfebffff] valable for I devices
[    0.000000] Booting paravirtualized kernel on KM
[    0.000000] clocksource: refined-jiffies: mask: 0xffffffff max_cycles: 0xffffffff, max_idle_ns: 7645519600211568 ns
[    0.000000] random: get_random_bytes calledfrom start_kernel+0x99/0x4fd with crng_init=0
[   .00000] setup_percpu: NR_CPUS:8192 nr_cpumask_bits:2 nr_cpu_ids:2 nr_node_ids:1
[    0.000000] percpu: Embedded 46 pages/cpu s151552 r8192 d28672 u1048576
[    0.000000] PV qspinlock hash table entries: 256 (order: 0, 4096 bytes)
[    0.000000] Built 1 zonelists, mobiity grouping on.  Total pages: 257913
[    0.000000] Policy zoneDM32
[   .00000] Kernl omand line: BOOIMAGE=/boot/vmlinuz.1.0-65-enri root=BE=cloudimg-root ro consoe=ty1 cnsole=ttyS0
[    0.000000] Memory: 982884K/1048120K available (12300K kernel code, 2481K rwdata, 4256K rodata, 2436K init, 2388K bss, 65236K reserved, 0K cma-reserved)
[    0.000000] SLUB: HWalign=64, Order=0-3, MinObjes=0, CPUs=2, Nodes=1
[    0.000000] Kernel/User page tables isolation: enabled
[    0.000000] ftrace: allocating 39301 entries in 154 pes
[    0.00400]Hierarchical RCU implementation.
[    0.004000] 	RCU restrictingPU from R_CPUS192 to ncp_ids2.
[   0.00000] 	Tasks RCU enabled.
[    0.004000] RCU: Adjusting geometry for rcu_fanout_leaf=16, nr_cpu_ids=2
[    0.004000] NR_IRQS: 524544, nr_irqs: 440, preallocated irqs: 16
[    0.004000] Console: colour VGA+ 80x25
[    0.004000] console [tty1] enabled
[    0.004000] console [ttyS0] enabled
[    0.004000] ACPI: Core revision 20170831
[    0.004000] ACPI: 2 ACPI AML tables successfully acquired and loaded
[    0.004000] APIC: Switch to symmetric I/O mode setup
[    0.004000] x2apic enabled
[    0.004000] Switched APIC routing to physical x2apic.
[    0.005036] ..TIMER: vector=0x30 apic1=0 pin1=2 apic2=-1 pin2=-1
[    0.008002] tsc: Detected 1608.000 MHz processor
[    0.012058] Calibrating delay loop (skipped) preset value.. 3216.00 BogoMIPS (lpj=6432000)
[    0.014210] pid_max: default: 32768 minimum: 301
[    0.015413] Security Framework initialized
[    0.016005] Yama: becoming mindful.
[    0.016943] AppArmor: AppArmor initialized
[    0.024095] Dentry cache hash table entries: 131072 (order: 8, 1048576 bytes)
[    0.027734] Inode-cache hash table entries: 65536 (order: 7, 524288 bytes)
[    0.028067] Mount-cache hash table entries: 2048 (order: 2, 16384 bytes)
[    0.032013] Mountpoint-cache hash table entries: 2048 (order: 2, 16384 bytes)
[    0.036758] Last level iTLB entries: 4KB 64, 2MB 8, 4MB 8
[    0.040007] Last level dTLB entries: 4KB 64, 2MB 0, 4MB 0, 1GB 4
[    0.044005] Spectre V1 : Mitigation: usercopy/swapgs barriers and __user pointer sanitization
[    0.048006] Spectre V2 : Mitigation: Full generic retpoline
[    0.052009] Spectre V2 : Spectre v2 / SpectreRSB mitigation: Filling RSB on context switch
[    0.056008] Speculative Store Bypass: Vulnerable
[    0.060045] MDS: Vulnerable: Clear CPU buffers attempted, no microcode
[    0.061936] Freeing SMP alternatives memory: 36K
[    0.176000] smpboot: CPU0: Intel(R) Core(TM) i5-8210Y CPU @ 1.60GHz (family: 0x6, model: 0x8e, stepping: 0x9)
[    0.176089] Performance Events: unsupported p6 CPU model 142 no PMU driver, software events only.
[    0.180040] Hierarchical SRCU implementation.
[    0.184552] NMI watchdog: Perf event create on CPU 0 failed with -2
[    0.186239] NMI watchdog: Perf NMI watchdog permanently disabled
[    0.188148] smp: Bringing up secondary CPUs ...
[    0.192154] x86: Booting SMP configuration:
[    0.196008] .... node  #0, CPUs:      #1
[    0.004000] kvm-clock: cpu 1, msr 0:3ff44041, secondary cpu clock
[    0.203767] smp: Brought up 1 node, 2 CPUs
[    0.204009] smpboot: Max logical packages: 1
[    0.208005] smpboot: Total of 2 processors activated (6432.00 BogoMIPS)
[    0.212154] devtmpfs: initialized
[    0.216069] x86/mm: Memory block size: 128MB
[    0.220130] evm: security.selinux
[    0.224008] evm: security.SMACK64
[    0.228006] evm: security.SMACK64EXEC
[    0.232004] evm: security.SMACK64TRANSMUTE
[    0.236008] evm: security.SMACK64MMAP
[    0.240005] evm: security.apparmor
[    0.244003] evm: security.ima
[    0.244851] evm: security.capability
[    0.248123] clocksource: jiffies: mask: 0xffffffff max_cycles: 0xffffffff, max_idle_ns: 7645041785100000 ns
[    0.252023] futex hash table entries: 512 (order: 3, 32768 bytes)
[    0.257483] pinctrl core: initialized pinctrl subsystem
[    0.260121] RTC time:  9:31:02, date: 10/08/19
[    0.264258] NET: Registered protocol family 16
[    0.268079] audit: initializing netlink subsys (disabled)
[    0.272045] audit: type=2000 audit(1570527061.705:1): state=initialized audit_enabled=0 res=1
[    0.356012] cpuidle: using governor ladder
[    0.360015] cpuidle: using governor menu
[    0.361163] ACPI: bus type PCI registered
[    0.362277] acpiphp: ACPI Hot Plug PCI Controller Driver version: 0.5
[    0.364129] PCI: Using configuration type 1 for base access
[    0.368816] HugeTLB registered 2.00 MiB page size, pre-allocated 0 pages
[    0.376129] ACPI: Added _OSI(Module Device)
[    0.380012] ACPI: Added _OSI(Processor Device)
[    0.384012] ACPI: Added _OSI(3.0 _SCP Extensions)
[    0.388007] ACPI: Added _OSI(Processor Aggregator Device)
[    0.392005] ACPI: Added _OSI(Linux-Dell-Video)
[    0.393471] ACPI: Added _OSI(Linux-Lenovo-NV-HDMI-Audio)
[    0.396005] ACPI: Added _OSI(Linux-HPI-Hybrid-Graphics)
[    0.398717] ACPI: Executed 1 blocks of module-level executable AML code
[    0.405412] ACPI: Interpreter enabled
[    0.406928] ACPI: (supports S0 S5)
[    0.408004] ACPI: Using IOAPIC for interrupt routing
[    0.412723] PCI: Using host bridge windows from ACPI; if necessary, use "pci=nocrs" and report a bug
[    0.416537] ACPI: Enabled 2 GPEs in block 00 to 07
[    0.440128] ACPI: PCI Root Bridge [PCI0] (domain 0000 [bus 00-ff])
[    0.443517] acpi PNP0A03:00: _OSC: OS supports [ASPM ClockPM Segments MSI]
[    0.444245] acpi PNP0A03:00: _OSC: not requesting OS control; OS requires [ExtendedConfig ASPM ClockPM MSI]
[    0.448051] acpi PNP0A03:00: fail to add MMCONFIG information, can't access extended PCI configuration space under this bridge.
[    0.456522] PCI host bridge to bus 0000:00
[    0.460014] pci_bus 0000:00: root bus resource [io  0x0000-0x0cf7 window]
[    0.464011] pci_bus 0000:00: root bus resource [io  0x0d00-0xffff window]
[    0.468013] pci_bus 0000:00: root bus resource [mem 0x000a0000-0x000bffff window]
[    0.472009] pci_bus 0000:00: root bus resource [mem 0x40000000-0xfdffffff window]
[    0.476009] pci_bus 0000:00: root bus resource [bus 00-ff]
[    0.483107] pci 0000:00:01.1: legacy IDE quirk: reg 0x10: [io  0x01f0-0x01f7]
[    0.484008] pci 0000:00:01.1: legacy IDE quirk: reg 0x14: [io  0x03f6]
[    0.488009] pci 0000:00:01.1: legacy IDE quirk: reg 0x18: [io  0x0170-0x0177]
[    0.492009] pci 0000:00:01.1: legacy IDE quirk: reg 0x1c: [io  0x0376]
[    0.517101] pci 0000:00:07.0: quirk: [io  0x4000-0x403f] claimed by PIIX4 ACPI
[    0.520025] pci 0000:00:07.0: quirk: [io  0x4100-0x410f] claimed by PIIX4 SMB
[    0.536250] ACPI: PCI Interrupt Link [LNKA] (IRQs 5 9 10 *11)
[    0.540292] ACPI: PCI Interrupt Link [LNKB] (IRQs 5 9 *10 11)
[    0.544223] ACPI: PCI Interrupt Link [LNKC] (IRQs 5 *9 10 11)
[    0.548174] ACPI: PCI Interrupt Link [LNKD] (IRQs 5 9 10 *11)
[    0.552461] SCSI subsystem initialized
[    0.553591] pci 0000:00:02.0: vgaarb: setting as boot VGA device
[    0.556000] pci 0000:00:02.0: vgaarb: VGA device added: decodes=io+mem,owns=io+mem,locks=none
[    0.556010] pci 0000:00:02.0: vgaarb: bridge control possible
[    0.560006] vgaarb: loaded
[    0.564052] ACPI: bus type USB registered
[    0.568041] usbcore: registered new interface driver usbfs
[    0.572023] usbcore: registered new interface driver hub
[    0.576041] usbcore: registered new device driver usb
[    0.580105] EDAC MC: Ver: 3.0.0
[    0.584363] PCI: Using ACPI for IRQ routing
[    0.588387] NetLabel: Initializing
[    0.592005] NetLabel:  domain hash size = 128
[    0.596005] NetLabel:  protocols = UNLABELED CIPSOv4 CALIPSO
[    0.600027] NetLabel:  unlabeled traffic allowed by default
[    0.608114] clocksource: Switched to clocksource kvm-clock
[    0.634320] VFS: Disk quotas dquot_6.6.0
[    0.689920] VFS: Dquot-cache hash table entries: 512 (order 0, 4096 bytes)
[    0.786676] AppArmor: AppArmor Filesystem Enabled
[    0.798107] pnp: PnP ACPI init
[    0.800552] pnp: PnP ACPI: found 3 devices
[    0.807160] clocksource: acpi_pm: mask: 0xffffff max_cycles: 0xffffff, max_idle_ns: 2085701024 ns
[    0.809634] NET: Registered protocol family 2
[    0.811314] TCP established hash table entries: 8192 (order: 4, 65536 bytes)
[    0.813823] TCP bind hash table entries: 8192 (order: 5, 131072 bytes)
[    0.817859] TCP: Hash tables configured (established 8192 bind 8192)
[    0.819664] UDP hash table entries: 512 (order: 2, 16384 bytes)
[    0.821159] UDP-Lite hash table entries: 512 (order: 2, 16384 bytes)
[    0.822764] NET: Registered protocol family 1
[    0.823892] pci 0000:00:00.0: Limiting direct PCI/PCI transfers
[    0.825432] pci 0000:00:01.0: Activating ISA DMA hang workarounds
[    0.827583] pci 0000:00:02.0: Video device with shadowed ROM at [mem 0x000c0000-0x000dffff]
[    0.831000] Unpacking initramfs...
[    1.144708] Freeing initrd memory: 19696K
[    1.173680] clocksource: tsc: mask: 0xffffffffffffffff max_cycles: 0x172daa3a18b, max_idle_ns: 440795212390 ns
[    1.251863] platform rtc_cmos: registered platform RTC device (no PNP device found)
[    1.282055] Scanning for low memory corruption every 60 seconds
[    1.381490] Initialise system trusted keyrings
[    1.413563] Key type blacklist registered
[    1.417761] workingset: timestamp_bits=36 max_order=18 bucket_order=0
[    1.471919] zbud: loaded
[    1.501759] squashfs: version 4.0 (2009/01/31) Phillip Lougher
[    1.548690] fuse init (API version 7.26)
[    1.607708] Key type asymmetric registered
[    1.608830] Asymmetric key parser 'x509' registered
[    1.610096] Block layer SCSI generic (bsg) driver version 0.4 loaded (major 246)
[    1.612003] io scheduler noop registered
[    1.672424] io scheduler deadline registered
[    1.701169] io scheduler cfq registered (default)
[    1.718520] ACPI: AC Adapter [AC] (off-line)
[    1.742676] input: Power Button as /devices/LNXSYSTM:00/LNXPWRBN:00/input/input0
[    1.753340] ACPI: Power Button [PWRF]
[    1.764306] input: Sleep Button as /devices/LNXSYSTM:00/LNXSLPBN:00/input/input1
[    1.788899] ACPI: Sleep Button [SLPF]
[    1.790915] Serial: 8250/16550 driver, 32 ports, IRQ sharing enabled
[    1.794740] ACPI: Battery Slot [BAT0] (battery present)
[    1.819681] 00:02: ttyS0 at I/O 0x3f8 (irq = 4, base_baud = 115200) is a 16550A
[    1.825644] Linux agpgart interface v0.103
[    1.833991] loop: module loaded
[    1.840496] scsi host0: ata_piix
[    1.841772] scsi host1: ata_piix
[    1.844678] ata1: PATA max UDMA/33 cmd 0x1f0 ctl 0x3f6 bmdma 0xd000 irq 14
[    1.848576] ata2: PATA max UDMA/33 cmd 0x170 ctl 0x376 bmdma 0xd008 irq 15
[    1.850441] libphy: Fixed MDIO Bus: probed
[    1.852170] tun: Universal TUN/TAP device driver, 1.6
[    1.853635] PPP generic driver version 2.4.2
[    1.855084] ehci_hcd: USB 2.0 'Enhanced' Host Controller (EHCI) Driver
[    1.857176] ehci-pci: EHCI PCI platform driver
[    1.873399] ehci-platform: EHCI generic platform driver
[    1.936840] ohci_hcd: USB 1.1 'Open' Host Controller (OHCI) Driver
[    1.938428] ohci-pci: OHCI PCI platform driver
[    1.939831] ohci-platform: OHCI generic platform driver
[    1.941202] uhci_hcd: USB Universal Host Controller Interface driver
[    1.945791] i8042: PNP: PS/2 Controller [PNP0303:PS2K,PNP0f03:PS2M] at 0x60,0x64 irq 1,12
[    1.949013] serio: i8042 KBD port at 0x60,0x64 irq 1
[    1.951061] serio: i8042 AUX port at 0x60,0x64 irq 12
[    1.953741] mousedev: PS/2 mouse device common for all mice
[    1.957619] input: AT Translated Set 2 keyboard as /devices/platform/i8042/serio0/input/input2
[    1.961343] rtc_cmos rtc_cmos: rtc core: registered rtc_cmos as rtc0
[    1.971999] rtc_cmos rtc_cmos: alarms up to one day, 114 bytes nvram
[    1.976597] i2c /dev entries driver
[    1.979943] device-mapper: uevent: version 1.0.3
[    1.982831] device-mapper: ioctl: 4.37.0-ict (2017-09-0) iniiaised: dm-devel@redhat.com

[    2.121437] ledtrig-cpu: registered to indicate activity on CPUs
[    2.132709] NET: Registered protocol family 10
[    2.147869] Segment Routing with IPv6
[    2.161058] NET: Registered protocol family 17
[    2.187962] Key type dns_resolver registered
[    2.225093] mce: Using 0 MCE banks
[    2.234717] RAS: Correctable Errors collector initialized.
[    2.255714] sched_clock: Marking stable (2255679921, 0)->(9505591495, -7249911574)
[    2.295046] registered taskstats version 1
[    2.324250] Loading compiled-in X.509 certificates
[    2.376812] Loaded X.509 cert 'Build time autogenerated kernel key: 3a65b6a3c8b5d6b297d77c25be9161529933bc49'
[    2.412302] zswap: loaded using pool lzo/zbud
[    2.445417] Key type big_key registered
[    2.457195] Key type trusted registered
[    2.479111] Key type encrypted registered
[    2.493660] AppArmor: AppArmor sha1 policy hashing enabled
[    2.495314] ima: No TPM chip found, activating TPM-bypass! (rc=-19)
[    2.506941] ima: Allocated hash algorithm: sha1
[    2.522412] evm: HMAC attrs: 0x1
[    2.537392]   Magic number: 7:57:525
[    2.566591] rtc_cmos rtc_cmos: setting system clock to 2019-10-08 09:31:05 UTC (1570527065)
[    2.574789] BIOS EDD facility v0.16 2004-Jun-25, 0 devices found
[    2.627695] EDD information not available.
[    2.644876] Freeing unused kernel image memory: 2436K
[    2.664460] Write protecting the kernel read-only data: 20480k
[    2.743054] Freeing unused kernel image memory: 2008K
[    2.774803] Freeing unused kernel image memory: 1888K
[    3.418416] x86/mm: Checked W+X mappings: passed, no W+X pages found.
[    4.165107] x86/mm: Checking user space page tables
[    4.172123] x86/mm: Checked W+X mappings: passed, no W+X pages found.
Loading, please wait...
starting version 237
[    4.291627] e1000: Intel(R) PRO/1000 Network Driver - version 7.3.21-k8-NAPI
[    4.348215] e1000: Copyright (c) 1999-2006 Intel Corporation.
[    4.379402] Fusion MPT base driver 3.04.20
[    4.386726] Copyright (c) 1999-2008 LSI Corporation
[    4.398707] vboxvideo: loading out-of-tree module taints kernel.
[    4.422752] vboxvideo: module verification failed: signature and/or required key missing - tainting kernel
[    4.434261] AVX2 version of gcm_enc/dec engaged.
[    4.441577] AES CTR mode by8 optimization enabled
[    4.477177] Fusion MPT SPI Host driver 3.04.20
[    4.601076] input: ImExPS/2 Generic Explorer Mouse as /devices/platform/i8042/serio1/input/input4
[    4.875424] e1000 0000:00:03.0 eth0: (PCI:33MHz:32-bit) 02:82:7a:7b:51:94
[    5.262501] e1000 0000:00:03.0 eth0: Intel(R) PRO/1000 Network Connection
[    5.265378] [drm] VRAM 01000000
[    5.266934] [TTM] Zone  kernel: Available graphics memory: 504474 kiB
[    5.316356] [TTM] Initializing pool allocator
[    5.350954] [TTM] Initializing DMA pool allocator
[    5.384425] fbcon: vboxdrmfb (fb0) is primary device
[    5.385852] Console: switching to colour frame buffer device 100x37
[    5.391095] vboxvideo 0000:00:02.0: fb0: vboxdrmfb frame buffer device
[    5.408625] [drm] Initialized vboxvideo 1.0.0 20130823 for 0000:00:02.0 on minor 0
[    5.412174] mptbase: ioc0: Initiating bringup
[    5.508561] ioc0: LSI53C1030 A0: Capabilities={Initiator}
[    5.812487] scsi host2: ioc0: LSI53C1030 A0, FwRev=00000000h, Ports=1, MaxQ=256, IRQ=20
[    6.016951] scsi 2:0:0:0: Direct-Access     VBOX     HARDDISK         1.0  PQ: 0 ANSI: 5
[    6.060388] scsi target2:0:0: Beginning Domain Validation
[    6.069061] scsi target2:0:0: Domain Validation skipping write tests
[    6.070706] scsi target2:0:0: Ending Domain Validation
[    6.081443] scsi target2:0:0: asynchronous
[    6.088568] scsi 2:0:1:0: Direct-Access     VBOX     HARDDISK         1.0  PQ: 0 ANSI: 5
[    6.404413] scsi target2:0:1: Beginning Domain Validation
[    6.423827] random: fast init done
[    6.425928] scsi target2:0:1: Domain Validation skipping write tests
[    6.427914] scsi target2:0:1: Ending Domain Validation
[    6.435404] random: systemd-udevd: uninitialized urandom read (16 bytes read)
[    6.437651] scsi target2:0:1: asynchronous
[    6.439299] random: systemd-udevd: uninitialized urandom read (16 bytes read)
[    6.445928] sd 2:0:0:0: Attached scsi generic sg0 type 0
[    6.449492] e1000 0000:00:08.0 eth1: (PCI:33MHz:32-bit) 08:00:27:cf:2f:b9
[    6.451268] sd 2:0:0:0: [sda] 20971520 512-byte logical blocks: (10.7 GB/10.0 GiB)
[    6.455281] e1000 0000:00:08.0 eth1: Intel(R) PRO/1000 Network Connection
[    6.457756] sd 2:0:1:0: Attached scsi generic sg1 type 0
[    6.459716] random: systemd-udevd: uninitialized urandom read (16 bytes read)
[    6.461218] sd 2:0:1:0: [sdb] 20480 512-byte logical blocks: (10.5 MB/10.0 MiB)
[    6.473581] sd 2:0:0:0: [sda] Write Protect is off
[    6.475215] sd 2:0:0:0: [sda] Incomplete mode parameter data
[    6.476280] e1000 0000:00:08.0 enp0s8: renamed from eth1
[    6.487126] sd 2:0:0:0: [sda] Assuming drive cache: write through
[    6.518626] sd 2:0:1:0: [sdb] Write Protect is off
[    6.523949]  sda: sda1
[    6.526622] sd 2:0:0:0: [sda] Attached SCSI disk
[    6.550146] sd 2:0:1:0: [sdb] Incomplete mode parameter data
[    6.556585] sd 2:0:1:0: [sdb] Assuming drive cache: write through
[    6.567388] e1000 0000:00:03.0 enp0s3: renamed from eth0
[    6.585790] sd 2:0:1:0: [sdb] Attached SCSI disk
Begin: Loading essential drivers ... [    6.780219] raid6: sse2x1   gen() 10690 MB/s
[    6.856306] raid6: sse2x1   xor()  8304 MB/s
[    6.908348] raid6: sse2x2   gen() 14222 MB/s
[    6.964271] raid6: sse2x2   xor()  9132 MB/s
[    7.024101] raid6: sse2x4   gen() 15838 MB/s
[    7.092190] raid6: sse2x4   xor()  8685 MB/s
[    7.160292] raid6: avx2x1   gen() 20361 MB/s
[    7.232579] raid6: avx2x1   xor() 14755 MB/s
[    7.304470] raid6: avx2x2   gen() 26006 MB/s
[    7.384270] raid6: avx2x2   xor() 15604 MB/s
[    7.440137] raid6: avx2x4   gen() 30692 MB/s
[    7.516580] raid6: avx2x4   xor() 18138 MB/s
[    7.526856] raid6: using algorithm avx2x4 gen() 30692 MB/s
[    7.537529] raid6: .... xor() 18138 MB/s, rmw enabled
[    7.556762] raid6: using avx2x2 recovery algorithm
[    7.588180] xor: automatically using best checksumming function   avx       
[    7.597965] async_tx: api initialized (async)
done.
Begin: Running /[    7.669826] Btrfs loaded, crc32c=crc32c-intel
scripts/init-premount ... done.
Begin: Mounting root file system ... Begin: Running /scripts/local-top ... done.
Begin: Running /scripts/local-premount ... Scanning for Btrfs filesystems
done.
Warning: fsck no[    7.731862] EXT4-fs (sda1): mounted filesystem with ordered data mode. Opts: (null)
t present, so skipping root file system
done.
Begin: Running /scripts/local-bottom ... done.
Begin: Running /scripts/init-bottom ... done.
[    8.020861] ip_tables: (C) 2000-2006 Netfilter Core Team
[    8.052994] systemd[1]: systemd 237 running in system mode. (+PAM +AUDIT +SELINUX +IMA +APPARMOR +SMACK +SYSVINIT +UTMP +LIBCRYPTSETUP +GCRYPT +GNUTLS +ACL +XZ +LZ4 +SECCOMP +BLKID +ELFUTILS +KMOD -IDN2 +IDN -PCRE2 default-hierarchy=hybrid)
[    8.291865] systemd[1]: Detected virtualization oracle.
[    8.302826] systemd[1]: Detected architecture x86-64.

Welcome to [1mUbuntu 18.04.3 LTS[0m!

[    8.336862] systemd[1]: Set hostname to <ubuntu-bionic>.
[    8.757143] systemd[1]: Created slice User and Session Slice.
[[0;32m  OK  [0m] Created slice User and Session Slice.
[    9.497543] systemd[1]: Reached target System Time Synchronized.
[[0;32m  OK  [0m] Reached target System Time Synchronized.
[    9.537061] systemd[1]: Created slice System Slice.
[[0;32m  OK  [0m] Created slice System Slice.
[    9.542035] systemd[1]: Listening on Syslog Socket.
[[0;32m  OK  [0m] Listening on Syslog Socket.
[    9.548059] systemd[1]: Listening on Journal Socket.
[[0;32m  OK  [0m] Listening on Journal Socket.
[    9.560433] systemd[1]: Mounting Kernel Debug File System...
         Mounting Kernel Debug File System...
[[0;32m  OK  [0m] Listening on LVM2 metadata daemon socket.
[[0;32m  OK  [0m] Listening on Journal Socket (/dev/log).
[[0;32m  OK  [0m] Created slice system-serial\x2dgetty.slice.
[[0;32m  OK  [0m] Reached target Swap.
         Mounting Huge Pages File System...
[[0;32m  OK  [0m] Started Forward Password Requests to Wall Directory Watch.
[[0;32m  OK  [0m] Listening on Device-mapper event daemon FIFOs.
[[0;32m  OK  [0m] Listening on Journal Audit Socket.
         Starting Journal Service...
[[0;32m  OK  [0m] Reached target Slices.
[[0;32m  OK  [0m] Reached target User and Group Name Lookups.
         Starting Create list of required stâ€¦ce nodes for the current kernel...
[[0;32m  OK  [0m] Listening on Network Service Netlink Socket.
[[0;32m  OK  [0m] Listening on /dev/initctl Compatibility Named Pipe.
[[0;32m  OK  [0m] Listening on udev Control Socket.
[[0;32m  OK  [0m] Listening on udev Kernel Socket.
         Starting udev Coldplug all Devices...
         Starting Remount Root and Kernel File Systems...
         Mounting POSIX Message Queue File System...
         Starting Set the console keyboard layout...
[    9.775511] EXT4-fs (sda1): re-mounted. Opts: (null)
[[0;32m  OK  [0m] Listening on LVM2 poll daemon socket.
         Starting Monitoring of LVM2 mirrorsâ€¦ng dmeventd or progress polling...
[[0;32m  OK  [0m] Set up automount Arbitrary Executabâ€¦rmats File System Automount Point.
         Starting Load Kernel Modules...
         Starting Uncomplicated firewall...
[[0;32m  OK  [0m] Started Journal Service.
[[0;32m  OK  [0m] Mounted Kernel Debug File System.
[[0;32m  OK  [0m] Mounted Huge Pages File System.
[[0;32m  OK  [0m] Started Create list of required staâ€¦vice nodes for the curr[    9.925847] Loading iSCSI transport class v2.0-870.
ent kernel.
[[0;32m  OK  [0m] Started Remount Root and Kernel File Systems.
[[0;32m  OK  [0m] Mounted POSIX Message Queue File System.
[[0;32m  OK  [0m] Started Uncomplicated firewal[    9.989692] iscsi: registered transport (tcp)
l.
[[0;32m  OK  [0m] Started LVM2 metadata daemon.
         Starting Load/Save Random Seed...
         Starting Create Static Device Nodes in /dev...
         Starting Flush Journal to Persistent Storage...
[   10.302715] systemd-journald[392]: Received request to flush runtime journal from PID 1
[[0;32m  OK  [0m] Started Monitoring of LVM2 mirrors,â€¦sing dmeventd or progress polling.
[[0;32m  OK  [0m] Started udev Coldplug all Devices.
[   10.343905] random: crng init done
[   10.347148] random: 7 urandom warning(s) missed due to ratelimiting
[[0;32m  OK  [0m] Started Load/Save Random Seed.
[[0;32m  OK  [0m] Started Set the console keyboard layout.
[[0;32m  OK  [0m] Started Create Static Device Nodes in /dev.
         Starting udev Kernel Device Manager...
[[0;32m  OK  [0m] Reached target Local File Systems (Pre).
[[0;32m  OK  [0m] Reached target Local File Systems.
         Starting AppArmor initialization...
         Starting Tell Plymouth To Write Out Runtime Data...
         Starting ebtables ruleset management...
         Starting Set console font and keymap...
[[0;32m  OK  [0m] Started udev Kernel Device Manager.
[[0;32m  OK  [0m] Started Flush Journal to Persistent Storage.
[[0;32m  OK  [0m] Started Tell Plymouth To Write Out Runtime Data.
         Starting Create Volatile Files and Directories...
[[0;32m  OK  [0m] Started Dispa[   11.745352] iscsi: registered transport (iser)
tch Password Requests to Console Directory Watch.
[[0;32m  OK  [0m] Reached target Local Encrypted Volumes.
[[0;32m  OK  [0m] Started Set console font and keymap.
[[0;32m  OK  [0m] Started Load Kernel Modules.
         Starting Apply Kernel Variables...
         Mounting Kernel Configuration File System...
         Mounting FUSE Control File System...
[[0;32m  OK  [0m] Started Create Volatile Files and Directories.
[[0;32m  OK  [0m] Mounted Kernel Configuration File System.
[[0;32m  OK  [0m] Mounted FUSE Control File System.
         Starting Update UTMP about System Boot/Shutdown...
[[0;32m  OK  [0m] Started Apply Kernel Variables.
[[0;32m  OK  [0m] Started Update UTMP about System Boot/Shutdown.
[[0;32m  OK  [0m] Started ebtables ruleset management.
[[0;32m  OK  [0m] Found device /dev/ttyS0.
[[0;32m  OK  [0m] Listening on Load/Save RF Kill Switch Status /dev/rfkill Watch.
[[0;32m  OK  [0m] Started AppArmor initialization.
         Starting Initial cloud-init job (pre-networking)...
[   16.006562] cloud-init[524]: Cloud-init v. 19.2-36-g059d049c-0ubuntu1~18.04.1 running 'init-local' at Tue, 08 Oct 2019 09:31:18 +0000. Up 15.33 seconds.
[[0;32m  OK  [0m] Started Initial cloud-init job (pre-networking).
[[0;32m  OK  [0m] Reached target Network (Pre).
         Starting Network Service...
[[0;32m  OK  [0m] Started Network Service.
         Starting Wait for Network to be Configured...
         Starting Network Name Resolution...
[[0;32m  OK  [0m] Started Network Name Resolution.
[[0;32m  OK  [0m] Reached target Host and Network Name Lookups.
[[0;32m  OK  [0m] Reached target Network.
[[0;32m  OK  [0m] Started Wait for Network to be Configured.
         Starting Initial cloud-init job (metadata service crawler)...
[   19.682966] cloud-init[704]: Cloud-init v. 19.2-36-g059d049c-0ubuntu1~18.04.1 running 'init' at Tue, 08 Oct 2019 09:31:22 +0000. Up 19.35 seconds.
[   19.687885] cloud-init[704]: ci-info: ++++++++++++++++++++++++++++++++++++++Net device info+++++++++++++++++++++++++++++++++++++++
[   19.698567] cloud-init[704]: ci-info: +--------+------+-----------------------------+---------------+--------+-------------------+
[   19.705171] cloud-init[704]: ci-info: | Device |  Up  |           Address           |      Mask     | Scope  |     Hw-Address    |
[   19.719439] cloud-init[704]: ci-info: +--------+------+-----------------------------+---------------+--------+-------------------+
[   19.773462] cloud-init[704]: ci-info: | enp0s3 | True |          10.0.2.15          | 255.255.255.0 | global | 02:82:7a:7b:51:94 |
[   19.796637] cloud-init[704]: ci-info: | enp0s3 | True |  fe80::82:7aff:fe7b:5194/64 |       .       |  link  | 02:82:7a:7b:51:94 |
[   19.811298] cloud-init[704]: ci-info: | enp0s8 | True |        192.168.33.10        | 255.255.255.0 | global | 08:00:27:cf:2f:b9 |
[   19.833529] cloud-init[704]: ci-info: | enp0s8 | True | fe80::a00:27ff:fecf:2fb9/64 |       .       |  link  | 08:00:27:cf:2f:b9 |
[   19.845677] cloud-init[704]: ci-info: |   lo   | True |          127.0.0.1          |   255.0.0.0   |  host  |         .         |
[   19.854250] cloud-init[704]: ci-info: |   lo   | True |           ::1/128           |       .       |  host  |         .         |
[   19.891397] cloud-init[704]: ci-info: +--------+------+-----------------------------+---------------+--------+-------------------+
[   19.904858] cloud-init[704]: ci-info: +++++++++++++++++++++++++++++Route IPv4 info+++++++++++++++++++++++++++++
[   19.910968] cloud-init[704]: ci-info: +-------+--------------+----------+-----------------+-----------+-------+
[   19.922458] cloud-init[704]: ci-info: | Route | Destination  | Gateway  |     Genmask     | Interface | Flags |
[   19.931199] cloud-init[704]: ci-info: +-------+--------------+----------+-----------------+-----------+-------+
[   19.942208] cloud-init[704]: ci-info: |   0   |   0.0.0.0    | 10.0.2.2 |     0.0.0.0     |   enp0s3  |   UG  |
[   19.968648] cloud-init[704]: ci-info: |   1   |   10.0.2.0   | 0.0.0.0  |  255.255.255.0  |   enp0s3  |   U   |
[   19.983724] cloud-init[704]: ci-info: |   2   |   10.0.2.2   | 0.0.0.0  | 255.255.255.255 |   enp0s3  |   UH  |
[   19.996006] cloud-init[704]: ci-info: |   3   | 192.168.33.0 | 0.0.0.0  |  255.255.255.0  |   enp0s8  |   U   |
[   20.109100] cloud-init[704]: ci-info: +-------+--------------+----------+-----------------+-----------+-------+
[   20.284725] cloud-init[704]: ci-info: +++++++++++++++++++Route IPv6 info+++++++++++++++++++
[   20.316329] cloud-init[704]: ci-info: +-------+-------------+---------+-----------+-------+[[0;32m  OK  [0m] Started Initial cloud-init job (metadata service crawler).

[   20.333922] cloud-init[[0;32m  OK  [0m] Reached target Cloud-config availability.
[[0;32m  OK  [0m] Reached target Network is Online.
[704]: ci-info: | Route | Destination | Gateway | Interface | Flags |
         Starting Availability of block devices...
[[0;32m  OK  [0m] Reached target Remote File Systems (Pre).
[[0;32m  OK  [0m] Reached target Remote File Systems.
[[0;32m  OK  [0m] Reached target System Initialization.
[   20.376764] cloud-init[704]: ci-info: +-------+-------------+---------+-----------+-------+
[   20.532647] [[0;32m  OK  [0m] Started ACPI Events Check.
[[0;32m  OK  [0m] Reached target Paths.
cloud-init[704]: ci-info: |   1   |  fe80::/64  |    ::   |   enp0s8  |   U   |[[0;32m  OK  [0m] Started Daily apt download activities.
[[0;32m  OK  [0m] Started Daily apt upgrade and clean activities.
[[0;32m  OK  [0m] Listening on ACPID Listen Socket.
[[0;32m  OK  [0m] Started Daily Cleanup of Temporary Directories.
[[0;32m  OK  [0m] Started Message of the Day.
         Starting Socket activation for snappy daemon.
[[0;32m  OK  [0m] Started Discard unused blocks once a week.
[[0;32m  OK  [0m] Reached target Timers.
[[0;32m  OK  [0m] Listening on Open-iSCSI iscsid Socket.
[[0;32m  OK  [0m] Listening on UUID daemon activation socket.

[   20.623504] cloud-init[704]: ci-info: |   2   |  fe80::/64  |    ::   |   enp0s3  |   U   |
[   20.740586] cloud-init[704]: ci-info: |   4   |    local    |    ::   |   enp0s3  |   U   |
         Starting LXD - unix socket.
[[0;32m  OK  [0m] Listening on D-Bus System Message Bus Socket.
[   20.779476] cloud-init[704]: ci-info: |   5   |    local    |    ::   |   enp0s8  |   U   |
[   20.805463] cloud-init[704]: ci-info: |   6   |   ff00::/8  |    ::   |   enp0s8  |   U   |
[   20.817947] cloud-init[704]: ci-info: |   7   |   ff00::/8  |    ::   |   enp0s3  |   U   |
[[   20.832664] cloud-init[704]: ci-info: +-------+-------------+---------+-----------+-------+
[0;32m  OK  [0m] Started Availability of block devices.
[[0;32m  OK  [0m] Listening on Socket activation for snappy daemon.
[[0;32m  OK  [0m] Listening on LXD - unix socket.
[[0;32m  OK  [0m] Reached target Sockets.
[[0;32m  OK  [0m] Reached target Basic System.
         Starting LSB: Record successful boot for GRUB...
[[0;32m  OK  [0m] Started Deferred execution scheduler.
         Starting LSB: automatic crash report generation...
[[0;32m  OK  [0m] Started Regular background program processing daemon.
         Starting Permit User Sessions...
[[0;32m  OK  [0m] Started D-Bus System Message Bus.
         Starting OpenBSD Secure Shell server...
[[0;32m  OK  [0m] Started FUSE filesystem for LXC.
         Starting Login Service...
         Starting Dispatcher daemon for systemd-networkd...
         Starting vboxadd.service...
         Starting Accounts Service...
         Starting Snappy daemon...
         Starting System Logging Service...
[[0;32m  OK  [0m] Started irqbalance daemon.
         Starting LXD - container startup/shutdown...
[[0;32m  OK  [0m] Started System Logging Service.
[[0;32m  OK  [0m] Started Permit User Sessions.
         Starting Terminate Plymouth Boot Screen...
         Starting Hold until boot process finishes up...
[[0;32m  OK  [0m] Started Hold until boot process finishes up.
[[0;32m  OK  [0m] Started Terminate Plymouth Boot Screen.
[[0;32m  OK  [0m] Started Login Service.
[[0;32m  OK  [0m] Started OpenBSD Secure Shell server.
         Starting Authorization Manager...
[[0;32m  OK  [0m] Started Unattended Upgrades Shutdown.
[[0;32m  OK  [0m] Started Serial Getty on ttyS0.
         Starting Set console scheme...
[[0;32m  OK  [0m] Started Set console scheme.
[[0;32m  OK  [0m] Created slice system-getty.slice.
[[0;32m  OK  [0m] Started Getty on tty1.
[[0;32m  OK  [0m] Reached target Login Prompts.
[[0;32m  OK  [0m] Started LSB: Record successful boot for GRUB.
[[0;32m  OK  [0m] Started LSB: automatic crash report generation.
[[0;32m  OK  [0m] Started Authorization Manager.
[[0;32m  OK  [0m] Started Accounts Service.
[[0;32m  OK  [0m] Started LXD - container startup/shutdown.
[[0;32m  OK  [0m] Created slice User Slice of vagrant.
[[0;32m  OK  [0m] Started Dispatcher daemon for systemd-networkd.
         Starting User Manager for UID 1000...
[[0;32m  OK  [0m] Started Session 1 of user vagrant.
[[0;32m  OK  [0m] Started Snappy daemon.
         Starting Wait until snapd is fully seeded...
[[0;32m  OK  [0m] Started vboxadd.service.
         Starting vboxadd-service.service...
[[0;32m  OK  [0m] Started User Manager for UID 1000.
[[0;32m  OK  [0m] Started Wait until snapd is fully seeded.
         Starting Apply the settings specified in cloud-config...
[[0;32m  OK  [0m] Started vboxadd-service.service.
[[0;32m  OK  [0m] Reached target Multi-User System.
[[0;32m  OK  [0m] Reached target Graphical Interface.
         Starting Update UTMP about System Runlevel Changes...
[[0;32m  OK  [0m] Started Update UTMP about System Runlevel Changes.
[   25.595657] cloud-init[1114]: Cloud-init v. 19.2-36-g059d049c-0ubuntu1~18.04.1 running 'modules:config' at Tue, 08 Oct 2019 09:31:28 +0000. Up 25.38 seconds.
[[0;32m  OK  [0m] Started Apply the settings specified in cloud-config.
         Starting Execute cloud user/final scripts...
[   26.593192] cloud-init[1175]: Cloud-init v. 19.2-36-g059d049c-0ubuntu1~18.04.1 running 'modules:final' at Tue, 08 Oct 2019 09:31:29 +0000. Up 26.44 seconds.
[   26.600380] cloud-init[1175]: Cloud-init v. 19.2-36-g059d049c-0ubuntu1~18.04.1 finished at Tue, 08 Oct 2019 09:31:29 +0000. Datasource DataSourceNoCloud [seed=/dev/sdb][dsmode=net].  Up 26.57 seconds
[[0;32m  OK  [0m] Started Execute cloud user/final scripts.
[[0;32m  OK  [0m] Reached target Cloud-init target.

Ubuntu 18.04.3 LTS ubuntu-bionic ttyS0

ubuntu-bionic login: [[0;32m  OK  [0m] Stopped target Cloud-init target.
[[0;32m  OK  [0m] Stopped Execute cloud user/final scripts.
[[0;32m  OK  [0m] Stopped Apply the settings specified in cloud-config.
         Stopi[[0;32m  OK  [0m] Stopped Message of the Day.
[[0;32m  OK  [0m] Stopped target Network is Online.
[[0;32m  OK  [0m] Stopped Daily apt upgrade and clean activities.
[[0;32m  OK  [0m] Stopped Daily apt download activities.
[[0;32m  OK  [0m] Stopped target Host and Network Name Lookups.
         Stopping System Logging Service...
         Stopping FUSE filesystem for LXC...
         Stopping Session 5 of user vagrant.
         Stopping Getty on tty1...
         Stopping Deferred execution scheduler...
         Stopping Availability of block devices...
         Stopping LXD - container startup/shutdown...
[[0;32m  OK  [0m] Stopped Wait until snapd is fully seeded.
[[0;32m  OK  [0m] Stopped target Cloud-config availability.
         Stopping OpenBSD Secure Shell server...
         Stopping Dispatcher daemon for systemd-networkd...
         Stopping vboxadd-service.service...
[[0;32m  OK  [0m] Stopped Daily Cleanup of Temporary Directories.
[[0;32m  OK  [0m] Closed Load/Save RF Kill Switch Status /dev/rfkill Watch.
         Stopping LSB: automatic crash report generation...
[[0;32m  OK  [0m] Stopped Discard unused blocks once a week.
[[0;32m  OK  [0m] Stopped target System Time Synchronized.
[[0;32m  OK  [0m] Unmounted /var/lib/lxcfs.
[[0;32m  OK  [0m] Stopped Deferred execution scheduler.
[[0;32m  OK  [0m] Stopped Regular background program processing daemon.
[[0;32m  OK  [0m] Stopped Dispatcher daemon for systemd-networkd.
[[0;32m  OK  [0m] Stopped Accounts Service.
[[0;32m  OK  [0m] Stopped System Logging Service.
[[0;32m  OK  [0m] Stopped irqbalance daemon.
[[0;32m  OK  [0m] Stopped OpenBSD Secure Shell server.
[[0;32m  OK  [0m] Stopped Authorization Manager.
[[0;32m  OK  [0m] Stopped Unattended Upgrades Shutdown.
[[0;32m  OK  [0m] Stopped Serial Getty on ttyS0.
[[0;32m  OK  [0m] Stopped Getty on tty1.
[[0;32m  OK  [0m] Stopped User Manager for UID 1000.
[[0;32m  OK  [0m] Stopped D-Bus System Message Bus.
[[0;32m  OK  [0m] Stopped Availability of block devices.
[[0;32m  OK  [0m] Stopped FUSE filesystem for LXC.
[[0;32m  OK  [0m] Stopped Session 5 of user vagrant.
[[0;32m  OK  [0m] Removed slice User Slice of vagrant.
[[0;32m  OK  [0m] Removed slice system-getty.slice.
[[0;32m  OK  [0m] Removed slice system-serial\x2dgetty.slice.
         Stopping Permit User Sessions...
         Stopping Login Service...
[[0;32m  OK  [0m] Stopped Permit User Sessions.
[[0;32m  OK  [0m] Stopped target Network.
         Stopping Network Name Resolution...
[[0;32m  OK  [0m] Stopped Network Name Resolution.
[[0;32m  OK  [0m] Stopped Login Service.
[[0;32m  OK  [0m] Stopped LSB: Record successful boot for GRUB.
[[0;32m  OK  [0m] Stopped LXD - container startup/shutdown.
[[0;32m  OK  [0m] Stopped vboxadd-service.service.
[[0;32m  OK  [0m] Stopped LSB: automatic crash report generation.
[[0;32m  OK  [0m] Stopped target Remote File Systems.
[[0;32m  OK  [0m] Stopped target Remote File Systems (Pre).
         Stopping vboxadd.service...
[[0;32m  OK  [0m] Stopped target User and Group Name Lookups.
         Stopping Network Service...
[[0;32m  OK  [0m] Stopped Network Service.
[[0;32m  OK  [0m] Stopped target Network (Pre).
[[0;32m  OK  [0m] Unmounted /vagrant.
[[0;32m  OK  [0m] Stopped vboxadd.service.
[[0;32m  OK  [0m] Stopped target Basic System.
[[0;32m  OK  [0m] Stopped target Paths.
[[0;32m  OK  [0m] Stopped ACPI Events Check.
[[0;32m  OK  [0m] Stopped target Sockets.
[[0;32m  OK  [0m] Closed Syslog Socket.
[[0;32m  OK  [0m] Closed UUID daemon activation socket.
[[0;32m  OK  [0m] Closed LXD - unix socket.
[[0;32m  OK  [0m] Closed D-Bus System Message Bus Socket.
[[0;32m  OK  [0m] Closed Socket activation for snappy daemon.
[[0;32m  OK  [0m] Closed Open-iSCSI iscsid Socket.
[[0;32m  OK  [0m] Closed ACPID Listen Socket.
[[0;32m  OK  [0m] Stopped target Slices.
[[0;32m  OK  [0m] Removed slice User and Session Slice.
[[0;32m  OK  [0m] Stopped target System Initialization.
         Stopping Update UTMP about System Boot/Shutdown...
         Stopping Load/Save Random Seed...
[[0;32m  OK  [0m] Stopped Initial cloud-init job (metadata service crawler).
[[0;32m  OK  [0m] Stopped Initial cloud-init job (pre-networking).
[[0;32m  OK  [0m] Stopped Apply Kernel Variables.
[[0;32m  OK  [0m] Stopped Load Kernel Modules.
[[0;32m  OK  [0m] Stopped target Local Encrypted Volumes.
[[0;32m  OK  [0m] Stopped Dispatch Password Requests to Console Directory Watch.
[[0;32m  OK  [0m] Stopped Forward Password Requests to Wall Directory Watch.
[[0;32m  OK  [0m] Stopped Load/Save Random Seed.
[[0;32m  OK  [0m] Stopped Update UTMP about System Boot/Shutdown.
[[0;32m  OK  [0m] Stopped Create Volatile Files and Directories.
[[0;32m  OK  [0m] Stopped target Local File Systems.
         Unmounting /run/user/1000...
[[0;32m  OK  [0m] Unmounted /run/user/1000.
[[0;32m  OK  [0m] Reached target Unmount All Filesystems.
[[0;32m  OK  [0m] Stopped target Swap.
[[0;32m  OK  [0m] Stopped target Local File Systems (Pre).
         Stopping Monitoring of LVM2 mirrorsâ€¦ng dmeventd or progress polling...
[[0;32m  OK  [0m] Stopped Create Static Device Nodes in /dev.
[[0;32m  OK  [0m] Stopped Remount Root and Kernel File Systems.
[[0;32m  OK  [0m] Reached target Shutdown.
[[0;32m  OK  [0m] Reached target Final Step.
         Starting Power-Off...
[[0;32m  OK  [0m] Stopped Monitoring of LVM2 mirrors,â€¦sing dmeventd or progress polling.
         Stopping LVM2 metadata daemon...
[[0;32m  OK  [0m] Stopped LVM2 metadata daemon.
[  566.952769] reboot: Power down
