[    0.000] Linux verson4.5.0-65-gerc (buildd@lgw0amd64-006) (gcc version 7.4.0 (Ubuntu 7.4.0-1ubuntu1~18.04.1)) #74-Ubuntu SMP Tue Sep 17 17:06:04 UTC 2019 (Ubuntu 4.15.0-65.74-generic 4.15.18)
[    0.000000] Command line: BOOT_IMAGE=/boot/vmlinuz-4.15.0-65-generic root=LABEL=cloudimg-rootfs ro console=tty1 console=ttyS0
[    0.000000] KERNEL supported cpus:
[    0.000000]   Intel GenuineIntel
[    0.000000]   AMD AuthenticAMD
[    0.000000]   Centaur CentaurHauls
[    0.000000] x86/fpu: Supporting XSAVE feature 0x001: 'x87 floating point registers'
[    0.000000] x86/fpu: Supporting XSAVE feature 0x002: 'SSE registers'
[    0.000000] x86/fpu: Supporting XSAVE feature 0x004: 'AVX registers'
[    0.000000] x86/fpu: xstate_offset[2]:  576, xstate_sizes[2]:  256
[    0.000000] x86/fpu: Enabled xstate features 0x7, context size is 832 bytes, using 'standard' format.
[    0.000000] e820: BIOS-provided physical RAM map:
[    0.000000] BIOS-e820: [mem 0x0000000000000000-0x000000000009fbff] usable
[    0.000000] BIOS-e820: [mem 0x000000000009fc00-0x000000000009ffff] reserved
[   0.000000] BIOS-e820: [mem 0x00000000000f0000-0x000000000fffff rseved
  0.000000] BOSe820: [mem 0x0000000100000-0x00000003ffeffff] usable
[    0.000000] BIOS-e820: [mem 0x000000003fff0000-0x000000003fffffff] ACPI data
[    0.000000] BIOS-e820: [mem 0x00000000fec00000-0x00000000fec00fff] reserved
[    0.000000] BIOS-e820: [mem 0x00000000fee00000-0x00000000fee00fff] reserved
[    0.000000] BIOS-e820: [mem 0x00000000fffc0000-0x00000000ffffffff] reserved
[    0.000000] NX (Exeute Disab) rotectn:active
[   .00000] MBOS2.5 present.
[    0.000000] DMI: innotek GmbH VirtualBox/VirtualBox, BIOS VirtualBox 12/01/2006
[    0.000000] Hypervisor detecteed: KVM
[    0.000000] e820: last_pfn = 0x3fff0 max_arch_pfn = 0x400000000
[    0.000000] MTRR: Disabled
[    0.000000] x86AT MTRRs disabled, skipping PAT initialization too.
[    0.000000] CPU MTRRs all blank - virtualized system.
[    0.000000] x86/PAT: Configuration [0-7]: WB  WT  UC- UC  WB  WT  UC- UC  
[    0.000000] found SMP MP-table at [mem 0x0009fff0-0x0009ffff]
[    0.000000] Scanning 1 areas for low memory corruption
[    0.000000] RAMDISK: [mem 0x35977000-0x36cb2fff]
[    0.000000] ACPI: Early table checksum verification disabled
[    0.000000] ACPI RSDP 0x00000000000E0000 000024 (v02 VBOX  )
[    0.000000] ACPI: XSDT 0x000000003FFF0030 00003C (v01 VBOX   VBOXXSDT 00000001 ASL  00000061)
[    0.000000] AC: FACP 00000003FFF00F0 0000F4 (v04 VBOX   VBOXFACP 00000001 ASL  00000061)
[    0.000000] ACPI: DSDT 0x000000003FFF0470 0021FF (v02 VBOX   VBOXBIOS 00000002 INTL 20100528)
[    0.000000] ACPI: FACS 0x000000003FFF0200 000040
[    0.000000] ACPI: FACS 0x000000003FFF0200 000040
[    0.000000] ACPI: APIC 0x000000003FFF0240 00005C (v02 VBOX   VBOXAPIC 00000001 ASL  00000061)
[    0.000000] ACPI: SSDT 0x000000003FFF02A0 0001CC (v01 VBOX   VBOXCPUT 00000002 INTL 210528)
[    0.000000] No NUMA configuration found
   0000000 Fakinga ode at [mem 0x0000000000000000-0x000000003ffeffff]
[   .000000] NODE_DATA(0) allocated [mem 0x3ffc5000-0x3ffeffff]
[    0.000000] kvm-clock: cpu 0, msr 0:3ff44001, primary cpu clock
[    0.000000] kvm-clock: Using msrs 4b564d01 and 4b564d00
[    0.000000] kvm-clock: ung sched offset of 4353441929 cycles
[    0.000000] clocksource: kvm-clock: mask: 0xffffffffffffffff max_cycles: 0x1cd42e4dffb, max_idle_ns: 881590591483 ns
[    0.000000] Zone ranges:
[    0.00000]   DMA      [m x0000000000000-0x0000000000ffffff]
[    0.000000]   DMA32    [mem 0x0000000001000000-0x000000003ffeffff]
[    0.000000]   Normal   empty
[    0.000000]   Device   empty
[    0.000000] Movable zone start for each node
[    0.000000] Early memory node ranges
[    0.000000]   node   0: [mem 0x0000000000001000-0x000000000009efff
[   0.000000  noe   0:[mm x0000000000100000-0x000000003ffeffff]
[    0.000000] Reserved but unavailable: 98 pages
[    0.000000] Initmem setup node 0 [mem 0x0000000000001000-0x000000003ffeffff]
[    0.000000] ACPI: PM-Timer IO Port: 0x4008    0.0000 IOAPIC[0]: apic_id 2, version 32, address 0xfec00000, GSI 0-23
[    0.000000] ACPI: INT_SRC_OVR (bus 0 bus_irq 0 global_irq 2 dfl dfl)
[    0.000000] ACPI: INT_SRC_OVR (bus 0 bus_irq 9 global_irq 9 low level)
[    0.000000] Using ACPI (MADT) for SMP configuration information
[    0.000000] smpboot: Allowing 2 CPUs, 0 hotplug CPUs
[    0.000000] PM: Registered nosave memory: [mem 0x00000000-0x00000fff]
[    0.000000] PM: Registered nosave memory: [mem 0x0009f000-0x0009ffff]
[    0.00000] M: Regitered nosave memory: [mem 0x000a0000-0x000effff]
[    0.000000] PM: Registered nosave memory: [mem 0x000f0000-0x000fffff]
[    0.000000] e820: [mem 0x40000000-0xfebfffff] available for PCI devices
[    0.000000] Booting parairualize krnl on KVM
[    0.000] clocksure:refined-jiffie msk: 0xffffffff max_cles: fffffff, max_idle_ns: 7645519600211568 ns
[    0.000000] random: get_random_bytes called from start_kernel+0x99/0x4fd with crng_init=0
[    0.000000] setup_percpu: NR_CPUS:8192 nr_cpumask_bit:2nr_cpu_ids2 r_ode_ids:1
[    0.000000] percpu: Embedded 46 pages/cpu s151552 r8192 d28672 u1048576
[    0.000000] PV qspinlock hash table entries: 256 (order: 0, 4096 bytes)
[    0.000000] Built 1 zonelists, mobility grouping on.  Total pages: 257913
[    0.000000] Policy zone: DMA32
[    0.000000] Kernel command line: BOT_MAGE=/oo/vmlinuz-4.15.0-65-generic root=LABEL=cloudimg-rootfs ro console=tty1 console=ttyS0
[    0.000000] Memory: 982884K/1048120K available (12300K kernel code, 2481K rwdata, 4256K rodata, 2436K init, 2388K bss, 65236K reserved, 0K cma-reserved)
[    0.000000] SLUB: HWalign=64, Order=0-3, MinObjects=0, CPUs=2, Nodes=1
[    0.000000] Kernel/User page tables isolation: enabled
[   0.000000] ftrace: allocating 39301 entries in 154 pages
[    0.004000] Hierarchical RCU implementation.
[    0.004000] 	RCU restricting CPUs from NR_CPUS=8192 to n_cpu_ds=2.
[    .0400] 	Tasks RCU enabled.
[    0.004000] RCU: Adjusting geometry for rcu_fanout_leaf=16, nr_cpu_ids=2
[    0.00400 NR_IRQS: 524544, nr_irqs: 440, preallocated irqs: 16
[    0.004000] Console: clour VGA8025
[    00400] consol[ty1] enable
   0.004000] console [ttyS0] enabled
[    0.004000] ACPI: Core revision 20170831
[    0.004000] ACPI: 2 ACPI AML tables successfully acquired and loaded
[    0.004000] APIC: Switch to symmetric I/O mode setup
[    0.004000] x2apic enabled
[    0.004000] Switched APIC routing to physical x2apic.
[    0.004863] ..TIMER: vector=0x30 apic1=0 pin1=2 apic2=-1 pin2=-1
[    0.008003] tsc: Detected 1608.000 MHz processor
[    0.009293] Calibrating delay loop (skipped) preset value.. 3216.00 BogoMIPS (lpj=6432000)
[    0.012002] pid_max: default: 32768 minimum: 301
[    0.016035] Security Framework initialized
[    0.020007] Yama: becoming mindful.
[    0.021310] AppArmor: AppArmor initialized
[    0.025642] Dentry cache hash table entries: 131072 (order: 8, 1048576 bytes)
[    0.028081] Inode-cache hash table entries: 65536 (order: 7, 524288 bytes)
[    0.032030] Mount-cache hash table entries: 2048 (order: 2, 16384 bytes)
[    0.036011] Mountpoint-cache hash table entries: 2048 (order: 2, 16384 bytes)
[    0.038360] Last level iTLB entries: 4KB 64, 2MB 8, 4MB 8
[    0.040004] Last level dTLB entries: 4KB 64, 2MB 0, 4MB 0, 1GB 4
[    0.042024] Spectre V1 : Mitigation: usercopy/swapgs barriers and __user pointer sanitization
[    0.044003] Spectre V2 : Mitigation: Full generic retpoline
[    0.046240] Spectre V2 : Spectre v2 / SpectreRSB mitigation: Filling RSB on context switch
[    0.048003] Speculative Store Bypass: Vulnerable
[    0.052047] MDS: Vulnerable: Clear CPU buffers attempted, no microcode
[    0.053774] Freeing SMP alternatives memory: 36K
[    0.168000] smpboot: CPU0: Intel(R) Core(TM) i5-8210Y CPU @ 1.60GHz (family: 0x6, model: 0x8e, stepping: 0x9)
[    0.168083] Performance Events: unsupported p6 CPU model 142 no PMU driver, software events only.
[    0.172045] Hierarchical SRCU implementation.
[    0.176581] NMI watchdog: Perf event create on CPU 0 failed with -2
[    0.180002] NMI watchdog: Perf NMI watchdog permanently disabled
[    0.181662] smp: Bringing up secondary CPUs ...
[    0.184071] x86: Booting SMP configuration:
[    0.185519] .... node  #0, CPUs:      #1
[    0.004000] kvm-clock: cpu 1, msr 0:3ff44041, secondary cpu clock
[    0.191666] smp: Brought up 1 node, 2 CPUs
[    0.192005] smpboot: Max logical packages: 1
[    0.196005] smpboot: Total of 2 processors activated (6432.00 BogoMIPS)
[    0.200143] devtmpfs: initialized
[    0.204053] x86/mm: Memory block size: 128MB
[    0.208127] evm: security.selinux
[    0.212006] evm: security.SMACK64
[    0.213077] evm: security.SMACK64EXEC
[    0.216003] evm: security.SMACK64TRANSMUTE
[    0.217061] evm: security.SMACK64MMAP
[    0.218224] evm: security.apparmor
[    0.220003] evm: security.ima
[    0.224007] evm: security.capability
[    0.225276] clocksource: jiffies: mask: 0xffffffff max_cycles: 0xffffffff, max_idle_ns: 7645041785100000 ns
[    0.228011] futex hash table entries: 512 (order: 3, 32768 bytes)
[    0.231593] pinctrl core: initialized pinctrl subsystem
[    0.232135] RTC time:  9:09:44, date: 10/08/19
[    0.236215] NET: Registered protocol family 16
[    0.237449] audit: initializing netlink subsys (disabled)
[    0.239214] audit: type=2000 audit(1570525786.794:1): state=initialized audit_enabled=0 res=1
[    0.248045] cpuidle: using governor ladder
[    0.250255] cpuidle: using governor menu
[    0.252105] ACPI: bus type PCI registered
[    0.256006] acpiphp: ACPI Hot Plug PCI Controller Driver version: 0.5
[    0.260299] PCI: Using configuration type 1 for base access
[    0.265751] HugeTLB registered 2.00 MiB page size, pre-allocated 0 pages
[    0.268283] ACPI: Added _OSI(Module Device)
[    0.272010] ACPI: Added _OSI(Processor Device)
[    0.274741] ACPI: Added _OSI(3.0 _SCP Extensions)
[    0.276006] ACPI: Added _OSI(Processor Aggregator Device)
[    0.278659] ACPI: Added _OSI(Linux-Dell-Video)
[    0.280005] ACPI: Added _OSI(Linux-Lenovo-NV-HDMI-Audio)
[    0.282360] ACPI: Added _OSI(Linux-HPI-Hybrid-Graphics)
[    0.284882] ACPI: Executed 1 blocks of module-level executable AML code
[    0.296945] ACPI: Interpreter enabled
[    0.298930] ACPI: (supports S0 S5)
[    0.300005] ACPI: Using IOAPIC for interrupt routing
[    0.304300] PCI: Using host bridge windows from ACPI; if necessary, use "pci=nocrs" and report a bug
[    0.308302] ACPI: Enabled 2 GPEs in block 00 to 07
[    0.320844] ACPI: PCI Root Bridge [PCI0] (domain 0000 [bus 00-ff])
[    0.324022] acpi PNP0A03:00: _OSC: OS supports [ASPM ClockPM Segments MSI]
[    0.325924] acpi PNP0A03:00: _OSC: not requesting OS control; OS requires [ExtendedConfig ASPM ClockPM MSI]
[    0.328017] acpi PNP0A03:00: fail to add MMCONFIG information, can't access extended PCI configuration space under this bridge.
[    0.332478] PCI host bridge to bus 0000:00
[    0.336005] pci_bus 0000:00: root bus resource [io  0x0000-0x0cf7 window]
[    0.340005] pci_bus 0000:00: root bus resource [io  0x0d00-0xffff window]
[    0.344004] pci_bus 0000:00: root bus resource [mem 0x000a0000-0x000bffff window]
[    0.348004] pci_bus 0000:00: root bus resource [mem 0x40000000-0xfdffffff window]
[    0.352004] pci_bus 0000:00: root bus resource [bus 00-ff]
[    0.361564] pci 0000:00:01.1: legacy IDE quirk: reg 0x10: [io  0x01f0-0x01f7]
[    0.364010] pci 0000:00:01.1: legacy IDE quirk: reg 0x14: [io  0x03f6]
[    0.368005] pci 0000:00:01.1: legacy IDE quirk: reg 0x18: [io  0x0170-0x0177]
[    0.372003] pci 0000:00:01.1: legacy IDE quirk: reg 0x1c: [io  0x0376]
[    0.393816] pci 0000:00:07.0: quirk: [io  0x4000-0x403f] claimed by PIIX4 ACPI
[    0.396020] pci 0000:00:07.0: quirk: [io  0x4100-0x410f] claimed by PIIX4 SMB
[    0.412936] ACPI: PCI Interrupt Link [LNKA] (IRQs 5 9 10 *11)
[    0.416502] ACPI: PCI Interrupt Link [LNKB] (IRQs 5 9 *10 11)
[    0.420165] ACPI: PCI Interrupt Link [LNKC] (IRQs 5 *9 10 11)
[    0.424163] ACPI: PCI Interrupt Link [LNKD] (IRQs 5 9 10 *11)
[    0.428470] SCSI subsystem initialized
[    0.432078] pci 0000:00:02.0: vgaarb: setting as boot VGA device
[    0.436000] pci 0000:00:02.0: vgaarb: VGA device added: decodes=io+mem,owns=io+mem,locks=none
[    0.436005] pci 0000:00:02.0: vgaarb: bridge control possible
[    0.437546] vgaarb: loaded
[    0.438495] ACPI: bus type USB registered
[    0.440022] usbcore: registered new interface driver usbfs
[    0.444021] usbcore: registered new interface driver hub
[    0.448030] usbcore: registered new device driver usb
[    0.452070] EDAC MC: Ver: 3.0.0
[    0.456331] PCI: Using ACPI for IRQ routing
[    0.460407] NetLabel: Initializing
[    0.461371] NetLabel:  domain hash size = 128
[    0.464002] NetLabel:  protocols = UNLABELED CIPSOv4 CALIPSO
[    0.468028] NetLabel:  unlabeled traffic allowed by default
[    0.472102] clocksource: Switched to clocksource kvm-clock
[    0.524981] VFS: Disk quotas dquot_6.6.0
[    0.526383] VFS: Dquot-cache hash table entries: 512 (order 0, 4096 bytes)
[    0.528714] AppArmor: AppArmor Filesystem Enabled
[    0.530176] pnp: PnP ACPI init
[    0.532548] pnp: PnP ACPI: found 3 devices
[    0.549111] clocksource: acpi_pm: mask: 0xffffff max_cycles: 0xffffff, max_idle_ns:208571024ns
[   .6084]NET Rgiteedprtocol family 2

[    0.912287] CPesabisedash table entries: 8192 (order: 4, 65536 bytes)

[    1.07630] CPbindhhash bl etrie: 819 (rdr:5, 131072 bytes)
[    1.390852] TCP: Hash tables configured (established 8192 bind 8192)
[    1.415450] UDP hash table entries: 512 (order: 2, 16384 bytes)
[    1.417111] UDP-Liteas tble entries: 512 (ordr: 2 138 byts)
[    1.645177] NET: Registered protocol family 1
[    1.646664] pci 0000:00:00.0: Limiting direct PCI/PCI transfers
[    1.648679] pci 0000:00:01.0: Activating ISA DMA hang workarounds
[    1.650818] pci 0000:00:02.0: Video device with shawe RM t me 000c000-000dffff]

[    1.96741 Uackinintramfs...

[    2.546291] Freeing initrd memory: 19696K
[    2.576987] clocksource: tsc: mask: 0xffffffffffffffff max_cycles: 0x172daa3a18b, max_idle_ns: 440795212390 ns
[    2.587818] platform rtc_cmos: registered platform RTC device (no PNP device found)
[    2.610307] Scanning for low memory corruption every 60 seconds
[    2.626589] Initialise system trusted keyrings
[    2.636155] Key type blacklist registered
[    2.637704] workingset: timestamp_bits=36 max_order=18 bucket_order=0
[    2.653629] zbud: loaded
[    2.677802] squashfs: version 4.0 (2009/01/31) Phillip Lougher
[    2.691729] fuse init (API version 7.26)
[    2.703586] Key type asymmetric registered
[    2.705735] Asymmetric key parser 'x509' registered
[    2.714916] Block layer SCSI generic (bsg) driver version 0.4 loaded (major 246)
[    2.722336] io scheduler noop registered
[    2.735499] io scheduler deadline registered
[    2.737124] io scheduler cfq registered (default)
[    2.741577] ACPI: AC Adapter [AC] (off-line)
[    2.753632] input: Power Button as /devices/LNXSYSTM:00/LNXPWRBN:00/input/input0
[    2.764370] ACPI: Power Button [PWRF]
[    2.766021] input: Sleep Button as /devices/LNXSYSTM:00/LNXSLPBN:00/input/input1
[    2.768718] ACPI: Sleep Button [SLPF]
[    2.780153] Serial: 8250/16550 driver, 32 ports, IRQ sharing enabled
[    2.790415] ACPI: Battery Slot [BAT0] (battery present)
[    2.816818] 00:02: ttyS0 at I/O 0x3f8 (irq = 4, base_baud = 115200) is a 16550A
[    2.834924] Linux agpgart interface v0.103
[    2.862238] loop: module loaded
[    2.886111] scsi host0: ata_piix
[    2.902639] scsi host1: ata_piix
[    2.932958] ata1: PATA max UDMA/33 cmd 0x1f0 ctl 0x3f6 bmdma 0xd000 irq 14
[    2.951065] ata2: PATA max UDMA/33 cmd 0x170 ctl 0x376 bmdma 0xd008 irq 15
[    2.973079] libphy: Fixed MDIO Bus: probed
[    2.983124] tun: Universal TUN/TAP device driver, 1.6
[    3.007544] PPP generic driver version 2.4.2
[    3.048461] ehci_hcd: USB 2.0 'Enhanced' Host Controller (EHCI) Driver
[    3.064254] ehci-pci: EHCI PCI platform driver
[    3.066261] ehci-platform: EHCI generic platform driver
[    3.081402] ohci_hcd: USB 1.1 'Open' Host Controller (OHCI) Driver
[    3.098356] ohci-pci: OHCI PCI platform driver
[    3.113905] ohci-platform: OHCI generic platform driver
[    3.147919] uhci_hcd: USB Universal Host Controller Interface driver
[    3.165427] i8042: PNP: PS/2 Controller [PNP0303:PS2K,PNP0f03:PS2M] at 0x60,0x64 irq 1,12
[    3.199163] serio: i8042 KBD port at 0x60,0x64 irq 1
[    3.215449] serio: i8042 AUX port at 0x60,0x64 irq 12
[    3.228205] mousedev: PS/2 mouse device common for all mice
[    3.232149] input: AT Translated Set 2 keyboard as /devices/platform/i8042/serio0/input/input2
[    3.264273] rtc_cmos rtc_cmos: rtc core: registered rtc_cmos as rtc0
[    3.284726] rtc_cmos rtc_cmos: alarms up to one day, 114 bytes nvram
[    3.336583] i2c /dev entries driver
[    3.345991] device-mapper: uevent: version 1.0.3
[    3.347724] device-mapper: ioctl: 4.37.0-ioctl (2017-09-20) initialised: dm-devel@redhat.com
[    3.424487] ledtrig-cpu: registered to indicate activity on CPUs
[    3.438988] NET: Registered protocol family 10
[    3.456376] Segment Routing with IPv6
[    3.467154] NET: Registered protocol family 17
[    3.478761] Key type dns_resolver registered
[    3.512872] mce: Using 0 MCE banks
[    3.535705] RAS: Correctable Errors collector initialized.
[    3.554695] sched_clock: Marking stable (3554672884, 0)->(7780778413, -4226105529)
[    3.575405] registered taskstats version 1
[    3.583236] Loading compiled-in X.509 certificates
[    3.600560] Loaded X.509 cert 'Build time autogenerated kernel key: 3a65b6a3c8b5d6b297d77c25be9161529933bc49'
[    3.698445] zswap: loaded using pool lzo/zbud
[    3.737764] Key type big_key registered
[    3.747000] Key type trusted registered
[    3.750513] Key type encrypted registered
[    3.757081] AppArmor: AppArmor sha1 policy hashing enabled
[    3.758603] ima: No TPM chip found, activating TPM-bypass! (rc=-19)
[    3.788624] ima: Allocated hash algorithm: sha1
[    3.828753] evm: HMAC attrs: 0x1
[    3.850400]   Magic number: 7:195:171
[    3.855341] rtc_cmos rtc_cmos: setting system clock to 2019-10-08 09:09:48 UTC (1570525788)
[    3.869119] BIOS EDD facility v0.16 2004-Jun-25, 0 devices found
[    3.870819] EDD information not available.
[    3.880643] Freeing unused kernel image memory: 2436K
[    3.904911] Write protecting the kernel read-only data: 20480k
[    4.166894] Freeing unused kernel image memory: 2008K
[    4.168693] Freeing unused kernel image memory: 1888K
[    4.201070] x86/mm: Checked W+X mappings: passed, no W+X pages found.
[    4.202838] x86/mm: Checking user space page tables
[    4.620141] x86/mm: Checked W+X mappings: passed, no W+X pages found.
Loading, please wait...
starting version 237
[    5.819439] e1000: Intel(R) PRO/1000 Network Driver - version 7.3.21-k8-NAPI
[    5.834192] e1000: Copyright (c) 1999-2006 Intel Corporation.
[    5.842410] Fusion MPT base driver 3.04.20
[    5.843606] Copyright (c) 1999-2008 LSI Corporation
[    5.850658] Fusion MPT SPI Host driver 3.04.20
[    5.852480] vboxvideo: loading out-of-tree module taints kernel.
[    5.854512] vboxvideo: module verification failed: signature and/or required key missing - tainting kernel
[    5.861046] mptbase: ioc0: Initiating bringup
[    5.870692] AVX2 version of gcm_enc/dec engaged.
[    5.872080] AES CTR mode by8 optimization enabled
[    5.960616] ioc0: LSI53C1030 A0: Capabilities={Initiator}
[    6.072055] input: ImExPS/2 Generic Explorer Mouse as /devices/platform/i8042/serio1/input/input4
[    6.228535] scsi host2: ioc0: LSI53C1030 A0, FwRev=00000000h, Ports=1, MaxQ=256, IRQ=20
[    6.399837] scsi 2:0:0:0: Direct-Access     VBOX     HARDDISK         1.0  PQ: 0 ANSI: 5
[    6.469601] scsi target2:0:0: Beginning Domain Validation
[    6.840930] scsi target2:0:0: Domain Validation skipping write tests
[    6.842579] scsi target2:0:0: Ending Domain Validation
[    6.843956] scsi target2:0:0: asynchronous
[    6.845884] scsi 2:0:1:0: Direct-Access     VBOX     HARDDISK         1.0  PQ: 0 ANSI: 5
[    7.154591] scsi target2:0:1: Beginning Domain Validation
[    7.174207] random: fast init done
[    7.176032] scsi target2:0:1: Domain Validation skipping write tests
[    7.178293] scsi target2:0:1: Ending Domain Validation
[    7.185473] scsi target2:0:1: asynchronous
[    7.187000] random: systemd-udevd: uninitialized urandom read (16 bytes read)
[    7.192538] sd 2:0:0:0: Attached scsi generic sg0 type 0
[    7.203628] e1000 0000:00:03.0 eth0: (PCI:33MHz:32-bit) 02:82:7a:7b:51:94
[    7.205715] sd 2:0:1:0: Attached scsi generic sg1 type 0
[    7.207576] e1000 0000:00:03.0 eth0: Intel(R) PRO/1000 Network Connection
[    7.210024] sd 2:0:1:0: [sdb] 20480 512-byte logical blocks: (10.5 MB/10.0 MiB)
[    7.213876] random: systemd-udevd: uninitialized urandom read (16 bytes read)
[    7.241166] sd 2:0:1:0: [sdb] Write Protect is off
[    7.275305] random: systemd-udevd: uninitialized urandom read (16 bytes read)
[    7.287422] sd 2:0:0:0: [sda] 20971520 512-byte logical blocks: (10.7 GB/10.0 GiB)
[    7.312306] sd 2:0:1:0: [sdb] Incomplete mode parameter data
[    7.364549] sd 2:0:1:0: [sdb] Assuming drive cache: write through
[    7.368656] sd 2:0:1:0: [sdb] Attached SCSI disk
[    7.380121] sd 2:0:0:0: [sda] Write Protect is off
[    7.384241] sd 2:0:0:0: [sda] Incomplete mode parameter data
[    7.394828] sd 2:0:0:0: [sda] Assuming drive cache: write through
[    7.402164]  sda: sda1
[    7.404658] sd 2:0:0:0: [sda] Attached SCSI disk
[    7.781823] e1000 0000:00:08.0 eth1: (PCI:33MHz:32-bit) 08:00:27:cf:2f:b9
[    7.864115] e1000 0000:00:08.0 eth1: Intel(R) PRO/1000 Network Connection
[    8.414898] [drm] VRAM 01000000
[    8.425037] [TTM] Zone  kernel: Available graphics memory: 504474 kiB
[    8.427216] e1000 0000:00:08.0 enp0s8: renamed from eth1
[    8.433308] [TTM] Initializing pool allocator
[    8.433327] [TTM] Initializing DMA pool allocator
[    8.451055] fbcon: vboxdrmfb (fb0) is primary device
[    8.453774] Console: switching to colour frame buffer device 100x37
[    8.470404] vboxvideo 0000:00:02.0: fb0: vboxdrmfb frame buffer device
[    8.482739] e1000 0000:00:03.0 enp0s3: renamed from eth0
[    8.496149] [drm] Initialized vboxvideo 1.0.0 20130823 for 0000:00:02.0 on minor 0
Begin: Loading essential drivers ... [    8.689509] raid6: sse2x1   gen() 13265 MB/s
[    8.799526] raid6: sse2x1   xor()  9389 MB/s
[    8.892304] raid6: sse2x2   gen() 14545 MB/s
[    8.949626] raid6: sse2x2   xor() 10061 MB/s
[    9.036549] raid6: sse2x4   gen() 17142 MB/s
[    9.096387] raid6: sse2x4   xor()  9749 MB/s
[    9.196012] raid6: avx2x1   gen() 22639 MB/s
[    9.304101] raid6: avx2x1   xor() 16496 MB/s
[    9.419349] raid6: avx2x2   gen() 29832 MB/s
[    9.516216] raid6: avx2x2   xor() 16896 MB/s
[    9.564072] raid6: avx2x4   gen() 17429 MB/s
[    9.612483] raid6: avx2x4   xor() 10292 MB/s
[    9.615818] raid6: using algorithm avx2x2 gen() 29832 MB/s
[    9.617571] raid6: .... xor() 16896 MB/s, rmw enabled
[    9.650409] raid6: using avx2x2 recovery algorithm
[    9.706043] xor: automatically using best checksumming function   avx       
[    9.714859] async_tx: api initialized (async)
done.
Begin: Running /scripts/init-premount ... done.
Begin: Mounting root file system ... Begin: Running /scripts/local-top ... done.
Begin: Running /scripts/local-premount ... [    9.788490] Btrfs loaded, crc32c=crc32c-intel
Scanning for Btrfs filesystems
done.
Warning: fsck no[    9.825978] EXT4-fs (sda1): mounted filesystem with ordered data mode. Opts: (null)
t present, so skipping root file system
done.
Begin: Running /scripts/local-bottom ... done.
Begin: Running /scripts/init-bottom ... done.
[   10.125501] ip_tables: (C) 2000-2006 Netfilter Core Team
[   10.604907] systemd[1]: systemd 237 running in system mode. (+PAM +AUDIT +SELINUX +IMA +APPARMOR +SMACK +SYSVINIT +UTMP +LIBCRYPTSETUP +GCRYPT +GNUTLS +ACL +XZ +LZ4 +SECCOMP +BLKID +ELFUTILS +KMOD -IDN2 +IDN -PCRE2 default-hierarchy=hybrid)
[   11.746011] systemd[1]: Detected virtualization oracle.
[   11.747495] systemd[1]: Detected architecture x86-64.

Welcome to [1mUbuntu 18.04.3 LTS[0m!

[   11.763072] systemd[1]: Set hostname to <ubuntu-bionic>.
[   12.146818] systemd[1]: Created slice System Slice.
[[0;32m  OK  [0m] Created slice System Slice.
[   12.226630] systemd[1]: Listening on /dev/initctl Compatibility Named Pipe.
[[0;32m  OK  [0m] Listening on /dev/initctl Compatibility Named Pipe.
[   13.460414] systemd[1]: Listening on Device-mapper event daemon FIFOs.
[[0;32m  OK  [0m] Listening on Device-mapper event daemon FIFOs.
[   13.525613] systemd[1]: Created slice system-serial\x2dgetty.slice.
[[0;32m  OK  [0m] Created slice system-serial\x2dgetty.slice.
[   13.829583] systemd[1]: Reached target Swap.
[[0;32m  OK  [0m] Reached target Swap.
[   13.858108] systemd[1]: Listening on LVM2 metadata daemon socket.
[[0;32m  OK  [0m] Listening on LVM2 metadata daemon socket.
[[0;32m  OK  [0m] Created slice User and Session Slice.
[[0;32m  OK  [0m] Listening on Network Service Netlink Socket.
[[0;32m  OK  [0m] Listening on udev Kernel Socket.
[[0;32m  OK  [0m] Listening on Journal Socket (/dev/log).
[[0;32m  OK  [0m] Listening on Journal Socket.
         Starting Remount Root and Kernel File Systems...
         Starting Monitoring of LVM2 mirrorsâ€¦ng dmeventd or progress polling...
         Mounting Kernel Debug File System...
         Mounting Huge Pages File System...
         Startin[   14.111940] EXT4-fs (sda1): re-mounted. Opts: (null)
g Uncomplicated firewall...
         Starting Create list of required stâ€¦ce nodes for the current kernel...
         Starting Set the console keyboard layout...
[[0;32m  OK  [0m] Listening on udev Control Socket.
         Starting udev Coldplug all Devices...
         Starting Load Kernel Modules...
         Mounting POSIX Message Queue File System...
[[0;32m  OK  [0m] Set up automount Arbitrary Executabâ€¦rmats File System Automount Point.
[[0;32m  OK  [0m] Started Forward Password Requests to Wall Directory Watch.
[   14.259882] Loading iSCSI transport class v2.0-870.
[[0;32m  OK  [0m] Listening on Syslog Socket.
[[0;32m  OK  [0m] Reached target User and Group Name Lookups.
[   14.273115] iscsi: registered transport (tcp)
[[0;32m  OK  [0m] Listening on LVM2 poll daemon socket.
[[0;32m  OK  [0m] Reached target Slices.
[[0;32m  OK  [0m] Reached target System Time Synchronized.
[[0;32m  OK  [0m] Listening on Journal Audit Socket.
         Starting Journal Service...
[[0;32m  OK  [0m] Started Remount Root and Kernel File Systems.
[[0;32m  OK  [0m] Mounted Kernel Debug File System.
[[0;32m  OK  [0m] Mounted Huge Pages File System.
[   14.309264] iscsi: registered transport (iser)
[[0;32m  OK  [0m] Started Uncomplicated firewall.
[[0;32m  OK  [0m] Started Create list of required staâ€¦vice nodes for the current kernel.
[[0;32m  OK  [0m] Started Journal Service.
[[0;32m  OK  [0m] Started Set the console keyboard layout.
[[0;32m  OK  [0m] Started Load Kernel Modules.
[[0;32m  OK  [0m] Mounted POSIX Message Queue File System.
[[0;32m  OK  [0m] Started udev Coldplug all Devices.
[[0;32m  OK  [0m] Started LVM2 metadata daemon.
         Mounting FUSE Control File System...
         Mounting Kernel Configuration File System...
         Starting Apply Kernel Variables...
         Starting Create Static Device Nodes in /dev...
         Starting Load/Save Random Seed...
         Starting Flush Journal to Persistent Storage...
[[0;32m  OK  [0m] Started Monitoring of LVM2 mirrors,â€¦sing dmeventd or progress polling.
[[0;32m  OK  [0m] Mounted FUSE Control File System.
[[0;32m  OK  [0m] Mounted Kernel Configuration File System.
[[0;32m  OK  [0m] Started Apply Kernel Variables.
[[0;32m  OK  [0m] Started Create Static Device Nodes in /dev.
[[0;32m  OK  [0m] Started Load/Save Random Seed.
         Starting udev Kernel Device Manager...
[[0;32m  OK  [0m] Reached target Local File Systems (Pre).
[[0;32m  OK  [0m] Reached target Local File Systems.
         Starting AppArmor initialization...
         Starting Set console font and keymap...
         Starting ebtables ruleset management...
         Starting Tell Plymouth To Write Out Runtime Data...
[[0;32m  OK  [0m] Started udev Kernel Device Manager.
[[0;32m  OK  [0m] Started Dispatch Password Requests to Console Directory Watch.
[[0;32m  OK  [0m] Reached target Local Encrypted Volumes.
[[0;32m  OK  [0m] Started Set console font and keymap.
[[0;32m  OK  [0m] Started Tell Plymouth To Write Out Runtime Data.
[[0;32m  OK  [0m] Started Flush Journal to Persistent Storage.
         Starting Create Volatile Files and Directories...
[[0;32m  OK  [0m] Found device /dev/ttyS0.
[[0;32m  OK  [0m] Started Create Volatile Files and Directories.
         Starting Update UTMP about System Boot/Shutdown...
[[0;32m  OK  [0m] Started ebtables ruleset management.
[[0;32m  OK  [0m] Started Update UTMP about System Boot/Shutdown.
[[0;32m  OK  [0m] Listening on Load/Save RF Kill Switch Status /dev/rfkill Watch.
[[0;32m  OK  [0m] Started AppArmor initialization.
         Starting Initial cloud-init job (pre-networking)...
[   17.931078] cloud-init[554]: Cloud-init v. 19.2-36-g059d049c-0ubuntu1~18.04.1 running 'init-local' at Tue, 08 Oct 2019 09:10:02 +0000. Up 17.42 seconds.
[[0;32m  OK  [0m] Started Initial cloud-init job (pre-networking).
[[0;32m  OK  [0m] Reached target Network (Pre).
         Starting Network Service...
[[0;32m  OK  [0m] Started Network Service.
         Starting Network Name Resolution...
         Starting Wait for Network to be Configured...
[[0;32m  OK  [0m] Started Network Name Resolution.
[[0;32m  OK  [0m] Reached target Host and Network Name Lookups.
[[0;32m  OK  [0m] Reached target Network.
[[0;32m  OK  [0m] Started Wait for Network to be Configured.
         Starting Initial cloud-init job (metadata service crawler)...
[   21.185285] cloud-init[706]: Cloud-init v. 19.2-36-g059d049c-0ubuntu1~18.04.1 running 'init' at Tue, 08 Oct 2019 09:10:05 +0000. Up 20.75 seconds.
[   21.204650] cloud-init[706]: ci-info: ++++++++++++++++++++++++++++++++++++++Net device info+++++++++++++++++++++++++++++++++++++++
[   21.224883] cloud-init[706]: ci-info: +--------+------+-----------------------------+---------------+--------+-------------------+
[   21.244604] cloud-init[706]: ci-info: | Device |  Up  |           Address           |      Mask     | Scope  |     Hw-Address    |
[   21.281668] cloud-init[706]: ci-info: +--------+------+-----------------------------+---------------+--------+-------------------+
[   21.308560] cloud-init[706]: ci-info: | enp0s3 | True |          10.0.2.15          | 255.255.255.0 | global | 02:82:7a:7b:51:94 |
[   21.318943] cloud-init[706]: ci-info: | enp0s3 | True |  fe80::82:7aff:fe7b:5194/64 |       .       |  link  | 02:82:7a:7b:51:94 |
[   21.324401] cloud-init[706]: ci-info: | enp0s8 | True |        192.168.33.10        | 255.255.255.0 | global | 08:00:27:cf:2f:b9 |
[   21.338077] cloud-init[706]: ci-info: | enp0s8 | True | fe80::a00:27ff:fecf:2fb9/64 |       .       |  link  | 08:00:27:cf:2f:b9 |
[   21.433439] cloud-init[706]: ci-info: |   lo   | True |          127.0.0.1          |   255.0.0.0   |  host  |         .         |
[   21.488969] cloud-init[706]: ci-info: |   lo   | True |           ::1/128           |       .       |  host  |         .         |
[   21.508875] cloud-init[706]: ci-info: +--------+------+-----------------------------+---------------+--------+-------------------+
[   21.563518] cloud-init[706]: ci-info: +++++++++++++++++++++++++++++Route IPv4 info+++++++++++++++++++++++++++++
[   21.610512] cloud-init[706]: ci-info: +-------+--------------+----------+-----------------+-----------+-------+
[   21.625287] cloud-init[706]: ci-info: | Route | Destination  | Gateway  |     Genmask     | Interface | Flags |
[   21.632651] cloud-init[706]: ci-info: +-------+--------------+----------+-----------------+-----------+-------+
[[0;32m  OK  [0m] Started Initial cloud-init job (metadata service crawler).
[   21.715400] cloud-init[706]: ci-info: |   0   |   0.0.0.0    | 10.0.2.2 |     0.0.0.0     |   enp0s3  |   UG  |
[   21.846313] [[0;32m  OK  [0m] Reached target System Initialization.
cloud-init[706]: ci-info: |   1   |   10.0.2.0   | 0.0.0.0  |  255.255.255.0  |   enp0s3  |   U   |
[[0;32m  OK  [0m] Started Daily apt download activities.
[   21.878271] cloud-init[706]: ci-info: |   2   |   10.0.2.2   | 0.0.0.0  | 255.255.255.255 |   enp0s3  |   UH  |
[[0;32m  OK  [0m] Started Discard unused blocks once a week.
[   21.935293] [cloud-init[0;32m  OK  [0m[706]: ] ci-info: |   3   | 192.168.33.0 | 0.0.0.0  |  255.255.255.0  |   enp0s8  |   U   |Started Daily apt upgrade and clean activities.

[[0;32m  OK  [0m] Started Message of the Day.
[   22.164106] cloud-init[706]: ci-info: +-------+--------------+----------+-----------------+-----------+-------+
         Starting Socket activation for snappy daemon.
[   22.333974] cloud-init[706]: ci-info: +++++++++++++++++++Route IPv6 info+++++++++++++++++++
[[0;32m  OK  [0m] Listening on UUID daemon activation socket.
[   22.444740] cloud-init[706]: ci-info: +-------+-------------+---------+-----------+-------+
[   22.544114]          Starting LXD - unix socket.
[[0;32m  OK  [0m] Listening on D-Bus System Message Bus Socket.
cloud-init[706]: ci-info: | Route | Destination | Gateway | Interface | Flags |
[[0;32m  OK  [0m] Started Daily Cleanup of Temporary Directories.
[[0;32m  OK  [0m] Reached target Timers.
[   22.652531] [cloud-init[0;32m  OK  [0m[706]: ] ci-info: +-------+-------------+---------+-----------+-------+Listening on ACPID Listen Socket.

[[0;32m  OK  [0m] Started ACPI Events Check.
[   22.706005] cloud-init[706]: ci-info: |   1   |  fe80::/64  |    ::   |   enp0s8  |   U   |
[[0;32m  OK  [0m] Reached target Paths.
[   22.710382] [cloud-init[0;32m  OK  [0m[706]: ] ci-info: |   2   |  fe80::/64  |    ::   |   enp0s3  |   U   |Listening on Open-iSCSI iscsid Socket.

[[0;32m  OK  [0m] Reached target Cloud-config availability.
[[0;32m  OK  [0m] Reached target Network is Online.
         Starting Availability of block devices...
[[0;32m  OK  [0m] Reached target Remote File Systems (Pre).
[[0;32m  OK  [0m] Reached target Remote File Systems.
[[0;32m  OK  [0m] Listening on Socket activation for snappy daemon.
[[0;32m  OK  [0m] Listening on LXD - unix socket.
[[0;32m  OK  [0m] Reached target Sockets.
[[0;32m  OK  [0m] Reached target Basic System.
[   22.777987] cloud-init[706]: ci-info: |   4   |    local    |    ::   |   enp0s3  |   U   |
         Starting Permit User Sessions...
         Starting System Logging Service...
[   22.850277] [[0;32m  OK  [0m] Started irqbalance daemon.
cloud-init[706]: ci-info: |   5   |    local    |    ::   |   enp0s8  |   U   |
[   23.073494] cloud-init[706]: ci-info: |   6   |   ff00::/8  |    ::   |   enp0s8  |   U   |
         Starting LXD - container startup/shutdown...[   23.150997] cloud-init[706]: ci-info: |   7   |   ff00::/8  |    ::   |   enp0s3  |   U   |
[   23.157507] cloud-init[706]: ci-info: +-------+-------------+---------+-----------+-------+

[[0;32m  OK  [0m] Started Regular background program processing daemon.
[[0;32m  OK  [0m] Started D-Bus System Message Bus.
         Starting LSB: automatic crash report generation...
[[0;32m  OK  [0m] Started FUSE filesystem for LXC.
         Starting Login Service...
         Starting LSB: Record successful boot for GRUB...
         Starting Dispatcher daemon for systemd-networkd...
         Starting OpenBSD Secure Shell server...
[[0;32m  OK  [0m] Started Deferred execution scheduler.
         Starting vboxadd.service...
         Starting Accounts Service...
         Starting Snappy daemon...
[[0;32m  OK  [0m] Started System Logging Service.
[[0;32m  OK  [0m] Started Availability of block devices.
[[0;32m  OK  [0m] Started Permit User Sessions.
[[0;32m  OK  [0m] Started LXD - container startup/shutdown.
[[0;32m  OK  [0m] Started Login Service.
[[0;32m  OK  [0m] Started OpenBSD Secure Shell server.
[[0;32m  OK  [0m] Started Unattended Upgrades Shutdown.
         Starting Hold until boot process finishes up...
         Starting Terminate Plymouth Boot Screen...
[[0;32m  OK  [0m] Started Hold until boot process finishes up.
         Starting Set console scheme...
[[0;32m  OK  [0m] Started Serial Getty on ttyS0.
[[0;32m  OK  [0m] Started Terminate Plymouth Boot Screen.
[[0;32m  OK  [0m] Started LSB: automatic crash report generation.
[[0;32m  OK  [0m] Started Set console scheme.
[[0;32m  OK  [0m] Created slice system-getty.slice.
[[0;32m  OK  [0m] Started Getty on tty1.
[[0;32m  OK  [0m] Reached target Login Prompts.
         Starting Authorization Manager...
[[0;32m  OK  [0m] Created slice User Slice of vagrant.
[[0;32m  OK  [0m] Started LSB: Record successful boot for GRUB.
[[0;32m  OK  [0m] Started Authorization Manager.
[[0;32m  OK  [0m] Started Accounts Service.
[[0;32m  OK  [0m] Started Session 1 of user vagrant.
         Starting User Manager for UID 1000...
[[0;32m  OK  [0m] Started Snappy daemon.
         Starting Wait until snapd is fully seeded...
[[0;32m  OK  [0m] Started Dispatcher daemon for systemd-networkd.
[[0;32m  OK  [0m] Started Wait until snapd is fully seeded.
         Starting Apply the settings specified in cloud-config...
[[0;32m  OK  [0m] Started User Manager for UID 1000.
[[0;32m  OK  [0m] Started vboxadd.service.
         Starting vboxadd-service.service...
[[0;32m  OK  [0m] Started vboxadd-service.service.
[[0;32m  OK  [0m] Reached target Multi-User System.
[[0;32m  OK  [0m] Reached target Graphical Interface.
         Starting Update UTMP about System Runlevel Changes...
[[0;32m  OK  [0m] Started Update UTMP about System Runlevel Changes.
[   26.886622] cloud-init[1065]: Cloud-init v. 19.2-36-g059d049c-0ubuntu1~18.04.1 running 'modules:config' at Tue, 08 Oct 2019 09:10:11 +0000. Up 26.46 seconds.
[[0;32m  OK  [0m] Started Apply the settings specified in cloud-config.
         Starting Execute cloud user/final scripts...
[   29.243269] cloud-init[1194]: Cloud-init v. 19.2-36-g059d049c-0ubuntu1~18.04.1 running 'modules:final' at Tue, 08 Oct 2019 09:10:13 +0000. Up 28.81 seconds.
[   29.256709] cloud-init[1194]: Cloud-init v. 19.2-36-g059d049c-0ubuntu1~18.04.1 finished at Tue, 08 Oct 2019 09:10:13 +0000. Datasource DataSourceNoCloud [seed=/dev/sdb][dsmode=net].  Up 29.22 seconds

Ubuntu 18.04.3 LTS ubuntu-bionic ttyS0

ubuntu-bionic login:          Stopping Authorization Manager...
         Stopping Session 6 of user vagrant.
[[0;32m  OK  [0m] Stopped target Cloud-init target.
[[0;32m  OK  [0m] Stopped target Host and Network Name Lookups.
[[0;32m  OK  [0m] Stopped target Timers.
[[0;32m  OK  [0m] Stopped Daily apt upgrade and clean activities.
[[0;32m  OK  [0m] Stopped Daily Cleanup of Temporary Directories.
[[0;32m  OK  [0m] Stopped Message of the Day.
         Stopping User Manager for UID 1000...
[[0;32m  OK  [0m] Closed Load/Save RF Kill Switch Status /dev/rfkill Watch.
[[0;32m  OK  [0m] Stopped Discard unused blocks once a week.
         Stopping Availability of block devices...
[[0;32m  OK  [0m] Stopped target Graphical Interface.
         Stopping Accounts Service...
[[0;32m  OK  [0m] Stopped Daily apt download activities.
[[0;32m  OK  [0m] Stopped target System Time Synchronized.
[[0;32m  OK  [0m] Stopped Execute cloud user/final scripts.
[[0;32m  OK  [0m] Stopped target Multi-User System.
         Stopping OpenBSD Secure Shell server...
         Stopping irqbalance daemon...
         Stopping LXD - container startup/shutdown...
         Stopping Unattended Upgrades Shutdown...
         Stopping LSB: automatic crash report generation...
         Stopping vboxadd-service.service...
         Stopping LSB: Record successful boot for GRUB...
         Stopping Dispatcher daemon for systemd-networkd...
        [[0;32m  OK  [0m] Stopped irqbalance daemon.
[[0;32m  OK  [0m] Stopped System Logging Service.
[[0;32m  OK  [0m] Stopped Regular background program processing daemon.
[[0;32m  OK  [0m] Stopped Deferred execution scheduler.
[[0;32m  OK  [0m] Stopped Accounts Service.
[[0;32m  OK  [0m] Stopped OpenBSD Secure Shell server.
[[0;32m  OK  [0m] Stopped Unattended Upgrades Shutdown.
[[0;32m  OK  [0m] Stopped Serial Getty on ttyS0.
[[0;32m  OK  [0m] Stopped Getty on tty1.
[[0;32m  OK  [0m] Stopped Authorization Manager.
[[0;32m  OK  [0m] Stopped User Manager for UID 1000.
[[0;32m  OK  [0m] Unmounted /var/lib/lxcfs.
[[0;32m  OK  [0m] Stopped Dispatcher daemon for systemd-networkd.
[[0;32m  OK  [0m] Stopped Availability of block devices.
[[0;32m  OK  [0m] Stopped D-Bus System Message Bus.
[[0;32m  OK  [0m] Stopped FUSE filesystem for LXC.
[[0;32m  OK  [0m] Stopped Session 6 of user vagrant.
[[0;32m  OK  [0m] Removed slice User Slice of vagrant.
[[0;32m  OK  [0m] Removed slice system-getty.slice.
[[0;32m  OK  [0m] Removed slice system-serial\x2dgetty.slice.
         Stopping Permit User Sessions...
         Stopping Login Service...
[[0;32m  OK  [0m] Stopped LXD - container startup/shutdown.
[[0;32m  OK  [0m] Stopped vboxadd-service.service.
[[0;32m  OK  [0m] Stopped Permit User Sessions.
[[0;32m  OK  [0m] Stopped Login Service.
[[0;32m  OK  [0m] Stopped target Network.
         Stopping Network Name Resolution...
[[0;32m  OK  [0m] Stopped target User and Group Name Lookups.
         Stopping vboxadd.service...
[[0;32m  OK  [0m] Stopped Network Name Resolution.
[[0;32m  OK  [0m] Stopped LSB: automatic crash report generation.
[[0;32m  OK  [0m] Stopped LSB: Record successful boot for GRUB.
[[0;32m  OK  [0m] Stopped target Remote File Systems.
[[0;32m  OK  [0m] Stopped target Remote File Systems (Pre).
         Stopping Network Service...
[[0;32m  OK  [0m] Stopped Network Service.
[[0;32m  OK  [0m] Unmounted /vagrant.
[[0;32m  OK  [0m] Stopped target Network (Pre).
[[0;32m  OK  [0m] Stopped vboxadd.service.
[[0;32m  OK  [0m] Stopped target Basic System.
[[0;32m  OK  [0m] Stopped target Sockets.
[[0;32m  OK  [0m] Closed D-Bus System Message Bus Socket.
[[0;32m  OK  [0m] Closed Open-iSCSI iscsid Socket.
[[0;32m  OK  [0m] Closed UUID daemon activation socket.
[[0;32m  OK  [0m] Closed Socket activation for snappy daemon.
[[0;32m  OK  [0m] Closed ACPID Listen Socket.
[[0;32m  OK  [0m] Closed Syslog Socket.
[[0;32m  OK  [0m] Closed LXD - unix socket.
[[0;32m  OK  [0m] Stopped target Slices.
[[0;32m  OK  [0m] Removed slice User and Session Slice.
[[0;32m  OK  [0m] Stopped target Paths.
[[0;32m  OK  [0m] Stopped ACPI Events Check.
[[0;32m  OK  [0m] Stopped target System Initialization.
[[0;32m  OK  [0m] Stopped target Local Encrypted Volumes.
[[0;32m  OK  [0m] Stopped Dispatch Password Requests to Console Directory Watch.
[[0;32m  OK  [0m] Stopped Forward Password Requests to Wall Directory Watch.
[[0;32m  OK  [0m] Stopped Apply Kernel Variables.
         Stopping Update UTMP about System Boot/Shutdown...
[[0;32m  OK  [0m] Stopped Load Kernel Modules.
         Stopping Load/Save Random Seed...
[[0;32m  OK  [0m] Stopped Initial cloud-init job (metadata service crawler).
[[0;32m  OK  [0m] Stopped Initial cloud-init job (pre-networking).
[[0;32m  OK  [0m] Stopped Load/Save Random Seed.
[[0;32m  OK  [0m] Stopped Update UTMP about System Boot/Shutdown.
[[0;32m  OK  [0m] Stopped Create Volatile Files and Directories.
[[0;32m  OK  [0m] Stopped target Local File Systems.
         Unmounting /run/user/1000...
[[0;32m  OK  [0m] Unmounted /run/user/1000.
[[0;32m  OK  [0m] Reached target Unmount All Filesystems.
[[0;32m  OK  [0m] Stopped target Local File Systems (Pre).
[[0;32m  OK  [0m] Stopped Create Static Device Nodes in /dev.
[[0;32m  OK  [0m] Stopped Remount Root and Kernel File Systems.
         Stopping Monitoring of LVM2 mirrorsâ€¦ng dmeventd or progress polling...
[[0;32m  OK  [0m] Stopped target Swap.
[[0;32m  OK  [0m] Reached target Shutdown.
[[0;32m  OK  [0m] Reached target Final Step.
         Starting Power-Off...
[[0;32m  OK  [0m] Stopped Monitoring of LVM2 mirrors,â€¦sing dmeventd or progress polling.
         Stopping LVM2 metadata daemon...
[[0;32m  OK  [0m] Stopped LVM2 metadata daemon.
[ 1214.699832] reboot: Power down
